******************************************************************************
                  TI ARM Linker PC v20.2.7                     
******************************************************************************
>> Linked Thu May 30 15:45:07 2024

OUTPUT FILE NAME:   <aws-rest-api-ssl-demo.out>
ENTRY POINT SYMBOL: "_c_int00_noargs"  address: 2001057d


MEMORY CONFIGURATION

         name            origin    length      used     unused   attr    fill
----------------------  --------  ---------  --------  --------  ----  --------
  SRAM_CODE             20004000   00013000  0000d926  000056da  RW X
  SRAM_DATA             20017000   00019000  00009a83  0000f57d  RW X


SEGMENT ALLOCATION MAP

run origin  load origin   length   init length attrs members
----------  ----------- ---------- ----------- ----- -------
20004000    20004000    0000d928   0000d928    r-x
  20004000    20004000    00000400   00000400    r-- .intvecs
  20004400    20004400    0000c926   0000c926    r-x .text
  20010d28    20010d28    00000b40   00000b40    r-- .const
  20011868    20011868    000000c0   000000c0    r-- .cinit
20017000    20017000    00008a84   00000000    rw-
  20017000    20017000    00008000   00000000    rw- .sysmem
  2001f000    2001f000    000007f3   00000000    rw- .bss
  2001f7f4    2001f7f4    00000290   00000000    rw- .data
2002f000    2002f000    00001000   00000000    rw-
  2002f000    2002f000    00001000   00000000    rw- .stack


SECTION ALLOCATION MAP

 output                                  attributes/
section   page    origin      length       input sections
--------  ----  ----------  ----------   ----------------
.intvecs   0    20004000    00000400     
                  20004000    00000400     startup_ccs.obj (.intvecs)

.init_array 
*          0    20004000    00000000     UNINITIALIZED

.text      0    20004400    0000c926     
                  20004400    00001b78     main.obj (.text)
                  20005f78    00000ec0     network_utils.obj (.text)
                  20006e38    00000a80     Adafruit_GFX.obj (.text)
                  200078b8    00000a4e     rtsv7M4_T_le_eabi.lib : _printfi.c.obj (.text:__TI_printfi)
                  20008306    00000002     driverlib.a : interrupt.obj (.text:IntDefaultHandler)
                  20008308    00000590     simplelink.a : driver.obj (.text:_SlDrvMsgRead)
                  20008898    000004a2     Adafruit_OLED.obj (.text)
                  20008d3a    00000002     rtsv7M4_T_le_eabi.lib : _lock.c.obj (.text:_nop)
                  20008d3c    00000398     gpio_if.obj (.text)
                  200090d4    000002a0     i2c_if.obj (.text)
                  20009374    00000280     simplelink.a : wlan.obj (.text:sl_WlanConnect)
                  200095f4    0000027c     uart_if.obj (.text)
                  20009870    00000268     rtsv7M4_T_le_eabi.lib : _printfi.c.obj (.text:_pconv_a)
                  20009ad8    00000248     simplelink.a : driver.obj (.text:_SlDrvRxHdrRead)
                  20009d20    000001e4                  : driver.obj (.text:_SlDrvDataReadOp)
                  20009f04    000001d0                  : driver.obj (.text:_SlDrvReleasePoolObj)
                  2000a0d4    000001cc     rtsv7M4_T_le_eabi.lib : _printfi.c.obj (.text:_pconv_g)
                  2000a2a0    000001b6                           : fd_add_t2.asm.obj (.text)
                  2000a456    00000002                           : div0.asm.obj (.text)
                  2000a458    000001b4     simplelink.a : driver.obj (.text:_SlDrvDriverCBInit)
                  2000a60c    0000019c                  : driver.obj (.text:_SlDrvMsgWrite)
                  2000a7a8    00000190                  : driver.obj (.text:_SlDrvWaitForPoolObj)
                  2000a938    0000018c                  : socket.obj (.text:sl_Connect)
                  2000aac4    00000178     driverlib.a : prcm.obj (.text:PRCMCC3200MCUInit)
                  2000ac3c    00000170     simplelink.a : driver.obj (.text:_SlFindAndSetActiveObj)
                  2000adac    00000150                  : driver.obj (.text:_SlDrvDataWriteOp)
                  2000aefc    00000148     pin_mux_config.obj (.text)
                  2000b044    00000148     simplelink.a : cc_pal.obj (.text:spi_Open)
                  2000b18c    00000144                  : driver.obj (.text:_SlDrvMsgReadCmdCtx)
                  2000b2d0    00000144                  : netapp.obj (.text:sl_NetAppDnsGetHostByName)
                  2000b414    0000013c     rtsv7M4_T_le_eabi.lib : _printfi.c.obj (.text:_pconv_e)
                  2000b550    00000136                           : fd_div_t2.asm.obj (.text)
                  2000b686    00000002     --HOLE-- [fill = 0]
                  2000b688    00000134     simplelink.a : socket.obj (.text:sl_Send)
                  2000b7bc    00000130                  : driver.obj (.text:_SlDrvDriverCBDeinit)
                  2000b8ec    00000120     rtsv7M4_T_le_eabi.lib : _printfi.c.obj (.text:fcvt)
                  2000ba0c    00000114                           : fputs.c.obj (.text:fputs)
                  2000bb20    00000110                           : strtoul.c.obj (.text:strtoul)
                  2000bc30    00000104     simplelink.a : netapp.obj (.text:_SlDrvNetAppEventHandler)
                  2000bd34    00000100     rtsv7M4_T_le_eabi.lib : memory.c.obj (.text:aligned_alloc)
                  2000be34    000000fc                           : fd_mul_t2.asm.obj (.text)
                  2000bf30    000000fa                           : fs_add_t2.asm.obj (.text)
                  2000c02a    00000002     --HOLE-- [fill = 0]
                  2000c02c    000000f0     simplelink.a : device.obj (.text:sl_Stop)
                  2000c11c    000000f0                  : cc_pal.obj (.text:spi_Read)
                  2000c20c    000000f0     driverlib.a : udma.obj (.text:uDMAChannelTransferSet)
                  2000c2fc    000000ec     simplelink.a : device.obj (.text:sl_Start)
                  2000c3e8    000000e8                  : driver.obj (.text:_SlAsyncEventGenericHandler)
                  2000c4d0    000000e8                  : driver.obj (.text:_SlDrvMsgReadSpawnCtx)
                  2000c5b8    000000e4     rtsv7M4_T_le_eabi.lib : memory.c.obj (.text:free)
                  2000c69c    000000e4                           : memory.c.obj (.text:realloc)
                  2000c780    000000e4     simplelink.a : netapp.obj (.text:sl_NetAppMDNSRegisterUnregisterService)
                  2000c864    000000dc                  : driver.obj (.text:_SlDrvClassifyRxMsg)
                  2000c940    000000dc     rtsv7M4_T_le_eabi.lib : setvbuf.c.obj (.text:setvbuf)
                  2000ca1c    000000d0     driverlib.a : spi.obj (.text:SPITransfer32)
                  2000caec    000000d0     rtsv7M4_T_le_eabi.lib : s_scalbn.c.obj (.text:scalbn)
                  2000cbbc    000000ce     driverlib.a : spi.obj (.text:SPITransfer16)
                  2000cc8a    00000002     --HOLE-- [fill = 0]
                  2000cc8c    000000cc     simplelink.a : netapp.obj (.text:_sl_HandleAsync_DnsGetHostByService)
                  2000cd58    000000cc                  : device.obj (.text:sl_DevGet)
                  2000ce24    000000c4                  : driver.obj (.text:_SlRemoveFromList)
                  2000cee8    000000c0                  : driver.obj (.text:_SlDrvCmdOp)
                  2000cfa8    000000b8     driverlib.a : spi.obj (.text:SPITransfer8)
                  2000d060    000000b1     rtsv7M4_T_le_eabi.lib : _printfi.c.obj (.text:_ltostr)
                  2000d111    00000003     --HOLE-- [fill = 0]
                  2000d114    000000b0     simplelink.a : nonos.obj (.text:_SlNonOsSemGet)
                  2000d1c4    000000a8     driverlib.a : interrupt.obj (.text:IntDisable)
                  2000d26c    000000a8                 : interrupt.obj (.text:IntEnable)
                  2000d314    000000a4     simplelink.a : driver.obj (.text:_SlDriverHandleError)
                  2000d3b8    000000a0     driverlib.a : spi.obj (.text:SPIConfigSetExpClk)
                  2000d458    000000a0     simplelink.a : socket.obj (.text:sl_Recv)
                  2000d4f8    0000009c     rtsv7M4_T_le_eabi.lib : memcpy_t2.asm.obj (.text)
                  2000d594    0000009a     simplelink.a : device.obj (.text:_SlDrvDeviceEventHandler)
                  2000d62e    00000002     --HOLE-- [fill = 0]
                  2000d630    00000098                  : device.obj (.text:sl_DevSet)
                  2000d6c8    00000098                  : netcfg.obj (.text:sl_NetCfgSet)
                  2000d760    00000098                  : socket.obj (.text:sl_SetSockOpt)
                  2000d7f8    00000098                  : wlan.obj (.text:sl_WlanSet)
                  2000d890    00000098                  : cc_pal.obj (.text:spi_Write)
                  2000d928    00000096     rtsv7M4_T_le_eabi.lib : ull_div_t2.asm.obj (.text)
                  2000d9be    00000002     --HOLE-- [fill = 0]
                  2000d9c0    00000094     driverlib.a : prcm.obj (.text:PRCMPeripheralClockGet)
                  2000da54    00000090     simplelink.a : netapp.obj (.text:_sl_HandleAsync_DnsGetHostByName)
                  2000dae4    00000090                  : netapp.obj (.text:_sl_HandleAsync_PingResponse)
                  2000db74    00000090                  : wlan.obj (.text:sl_WlanPolicySet)
                  2000dc04    0000008c                  : cc_pal.obj (.text:SetupDMAReceive)
                  2000dc90    0000008c                  : cc_pal.obj (.text:SetupDMASend)
                  2000dd1c    0000008c                  : driver.obj (.text:_SlDrvIsTimeoutExpired)
                  2000dda8    0000008c                  : device.obj (.text:_sl_HandleAsync_InitComplete)
                  2000de34    0000008c     rtsv7M4_T_le_eabi.lib : fputc.c.obj (.text:fputc)
                  2000dec0    0000008c     simplelink.a : socket.obj (.text:sl_Socket)
                  2000df4c    00000088     driverlib.a : pin.obj (.text:PinConfigSet)
                  2000dfd4    00000088                 : spi.obj (.text:SPITransfer)
                  2000e05c    00000086     rtsv7M4_T_le_eabi.lib : fd_cmp_t2.asm.obj (.text:__aeabi_cdcmple)
                  2000e0e2    00000086                           : fd_cmp_t2.asm.obj (.text:__aeabi_cdrcmple)
                  2000e168    00000084     driverlib.a : i2c.obj (.text:I2CMasterInitExpClk)
                  2000e1ec    00000084     simplelink.a : wlan.obj (.text:sl_WlanRxFilterSet)
                  2000e270    00000082     driverlib.a : gpio.obj (.text:GPIOIntTypeSet)
                  2000e2f2    00000002     --HOLE-- [fill = 0]
                  2000e2f4    00000080     simplelink.a : socket.obj (.text:_sl_HandleAsync_Connect)
                  2000e374    00000080                  : cc_pal.obj (.text:spi_Read_CPU)
                  2000e3f4    00000080                  : cc_pal.obj (.text:spi_Write_CPU)
                  2000e474    0000007a     rtsv7M4_T_le_eabi.lib : fs_mul_t2.asm.obj (.text)
                  2000e4ee    0000007a                           : memset_t2.asm.obj (.text)
                  2000e568    00000078     simplelink.a : cc_pal.obj (.text:spi_Close)
                  2000e5e0    00000076     driverlib.a : uart.obj (.text:UARTConfigSetExpClk)
                  2000e656    00000002     --HOLE-- [fill = 0]
                  2000e658    00000074     simplelink.a : nonos.obj (.text:_SlNonOsMainLoopTask)
                  2000e6cc    00000074     rtsv7M4_T_le_eabi.lib : fclose.c.obj (.text:__TI_closefile)
                  2000e740    00000070                           : memory.c.obj (.text:split)
                  2000e7b0    0000006e                           : _printfi.c.obj (.text:_mcpy)
                  2000e81e    0000006e                           : fd_tos_t2.asm.obj (.text)
                  2000e88c    0000006c                           : hostrename.c.obj (.text:HOSTrename)
                  2000e8f8    0000006c     simplelink.a : driver.obj (.text:_SlDrvCmdSend)
                  2000e964    0000006c                  : netapp.obj (.text:_sl_NetAppSendTokenValue)
                  2000e9d0    00000068     rtsv7M4_T_le_eabi.lib : hostlseek.c.obj (.text:HOSTlseek)
                  2000ea38    00000068                           : copy_decompress_lzss.c.obj (.text:decompress:lzss:__TI_decompress_lzss)
                  2000eaa0    00000068                           : printf.c.obj (.text:printf)
                  2000eb08    00000064     simplelink.a : nonos.obj (.text:_SlNonOsSpawn)
                  2000eb6c    00000064                  : socket.obj (.text:_sl_HandleAsync_Accept)
                  2000ebd0    00000064     rtsv7M4_T_le_eabi.lib : fseek.c.obj (.text:fseek)
                  2000ec34    00000064     simplelink.a : netapp.obj (.text:sl_NetAppMDNSUnRegisterService)
                  2000ec98    00000064     driverlib.a : udma.obj (.text:uDMAChannelAttributeDisable)
                  2000ecfc    00000064                 : udma.obj (.text:uDMAChannelAttributeEnable)
                  2000ed60    00000062     rtsv7M4_T_le_eabi.lib : _io_perm.c.obj (.text:__TI_wrt_ok)
                  2000edc2    00000002     --HOLE-- [fill = 0]
                  2000edc4    00000060                           : hostopen.c.obj (.text:HOSTopen)
                  2000ee24    00000060                           : fs_cmp_t2.asm.obj (.text:__aeabi_cfcmple)
                  2000ee84    00000060     simplelink.a : socket.obj (.text:sl_Close)
                  2000eee4    00000060                  : wlan.obj (.text:sl_WlanProfileDel)
                  2000ef44    00000060                  : wlan.obj (.text:sl_WlanSetMode)
                  2000efa4    0000005c     rtsv7M4_T_le_eabi.lib : close.c.obj (.text:close)
                  2000f000    0000005c                           : s_frexp.c.obj (.text:frexp)
                  2000f05c    00000058                           : hostread.c.obj (.text:HOSTread)
                  2000f0b4    00000058                           : hostwrite.c.obj (.text:HOSTwrite)
                  2000f10c    00000058     driverlib.a : interrupt.obj (.text:IntPendClear)
                  2000f164    00000058                 : prcm.obj (.text:PRCMPeripheralReset)
                  2000f1bc    00000056     rtsv7M4_T_le_eabi.lib : _printfi.c.obj (.text:_pconv_f)
                  2000f212    00000002     --HOLE-- [fill = 0]
                  2000f214    00000054     driverlib.a : interrupt.obj (.text:IntPrioritySet)
                  2000f268    00000054     simplelink.a : driver.obj (.text:_SlDrvRxIrqHandler)
                  2000f2bc    00000054     rtsv7M4_T_le_eabi.lib : _ltoa.c.obj (.text:__TI_ltoa)
                  2000f310    00000054     simplelink.a : socket.obj (.text:_sl_HandleAsync_Select)
                  2000f364    00000052     rtsv7M4_T_le_eabi.lib : _printfi.c.obj (.text:_ecpy)
                  2000f3b6    00000002     --HOLE-- [fill = 0]
                  2000f3b8    00000050     simplelink.a : device.obj (.text:_sl_HandleAsync_Stop)
                  2000f408    0000004c     driverlib.a : spi.obj (.text:SPIIntEnable)
                  2000f454    0000004c                 : spi.obj (.text:SPIIntNumberGet)
                  2000f4a0    0000004c     simplelink.a : driver.obj (.text:_SlDrvProtectAsyncRespSetting)
                  2000f4ec    0000004c     rtsv7M4_T_le_eabi.lib : fflush.c.obj (.text:__TI_doflush)
                  2000f538    0000004c     simplelink.a : socket.obj (.text:_sl_BuildAddress)
                  2000f584    0000004c     rtsv7M4_T_le_eabi.lib : atoi.c.obj (.text:atoi)
                  2000f5d0    0000004c     driverlib.a : udma.obj (.text:uDMAChannelAssign)
                  2000f61c    00000048                 : gpio.obj (.text:GPIOGetIntNumber)
                  2000f664    00000048     rtsv7M4_T_le_eabi.lib : hosttime.c.obj (.text:HOSTtime)
                  2000f6ac    00000048     driverlib.a : spi.obj (.text:SPIIntClear)
                  2000f6f4    00000048     simplelink.a : driver.obj (.text:_SlDrvBasicCmd)
                  2000f73c    00000048     rtsv7M4_T_le_eabi.lib : exit.c.obj (.text:exit)
                  2000f784    00000048                           : fd_toi_t2.asm.obj (.text)
                  2000f7cc    00000044                           : hostclose.c.obj (.text:HOSTclose)
                  2000f810    00000044                           : hostunlink.c.obj (.text:HOSTunlink)
                  2000f854    00000044     driverlib.a : spi.obj (.text:SPIDmaMaskGet)
                  2000f898    00000044                 : timer.obj (.text:TimerConfigure)
                  2000f8dc    00000044     simplelink.a : driver.obj (.text:_SlDrvHandleHttpServerEvents)
                  2000f920    00000044                  : driver.obj (.text:_SlDrvSyncObjWaitTimeout)
                  2000f964    00000044     rtsv7M4_T_le_eabi.lib : autoinit.c.obj (.text:__TI_auto_init_nobinit_nopinit:__TI_auto_init_nobinit_nopinit)
                  2000f9a8    00000044     simplelink.a : cc_pal.obj (.text:cc_SetupTransfer)
                  2000f9ec    00000044     rtsv7M4_T_le_eabi.lib : getdevice.c.obj (.text:getdevice)
                  2000fa30    00000042     simplelink.a : socket.obj (.text:sl_Htonl)
                  2000fa72    00000002     --HOLE-- [fill = 0]
                  2000fa74    00000040     driverlib.a : pin.obj (.text:PinModeSet)
                  2000fab4    00000040     simplelink.a : driver.obj (.text:_SlDrvHandleNetAppEvents)
                  2000faf4    00000040                  : driver.obj (.text:_SlDrvHandleWlanEvents)
                  2000fb34    00000040                  : socket.obj (.text:_sl_TruncatePayloadByProtocol)
                  2000fb74    00000040     rtsv7M4_T_le_eabi.lib : sprintf.c.obj (.text:sprintf)
                  2000fbb4    00000040                           : strtok.c.obj (.text:strtok)
                  2000fbf4    00000040                           : vsnprintf.c.obj (.text:vsnprintf)
                  2000fc34    0000003e     simplelink.a : cc_pal.obj (.text:NwpRegisterInterruptHandler)
                  2000fc72    0000003e     rtsv7M4_T_le_eabi.lib : _printfi.c.obj (.text:_fcpy)
                  2000fcb0    0000003c     simplelink.a : netapp.obj (.text:CopyPingResultsToReport)
                  2000fcec    0000003c     driverlib.a : prcm.obj (.text:PRCMPeripheralClkEnable)
                  2000fd28    0000003c     simplelink.a : cc_pal.obj (.text:simplelink_timerA2_start)
                  2000fd64    0000003c                  : socket.obj (.text:sl_Htons)
                  2000fda0    0000003c     driverlib.a : udma.obj (.text:uDMAChannelControlSet)
                  2000fddc    00000038                 : adc.obj (.text:ADCChannelDisable)
                  2000fe14    00000038                 : adc.obj (.text:ADCChannelEnable)
                  2000fe4c    00000038     simplelink.a : cc_pal.obj (.text:NwpPowerOff)
                  2000fe84    00000038     rtsv7M4_T_le_eabi.lib : trgmsg.c.obj (.text:__TI_writemsg)
                  2000febc    00000038                           : fs_tod_t2.asm.obj (.text)
                  2000fef4    00000038                           : fs_toi_t2.asm.obj (.text)
                  2000ff2c    00000038                           : i_tofs_t2.asm.obj (.text)
                  2000ff64    00000038     simplelink.a : wlan.obj (.text:sl_WlanDisconnect)
                  2000ff9c    00000036     driverlib.a : gpio.obj (.text:GPIODirModeSet)
                  2000ffd2    00000036     rtsv7M4_T_le_eabi.lib : strncpy.c.obj (.text:strncpy)
                  20010008    00000034     driverlib.a : prcm.obj (.text:PRCMPeripheralStatusGet)
                  2001003c    00000034                 : spi.obj (.text:SPIFIFOLevelSet)
                  20010070    00000034     rtsv7M4_T_le_eabi.lib : fopen.c.obj (.text:__TI_cleanup)
                  200100a4    00000034                           : trgmsg.c.obj (.text:__TI_readmsg)
                  200100d8    00000034                           : rand.c.obj (.text:rand)
                  2001010c    00000030     driverlib.a : pin.obj (.text:PinTypeGPIO)
                  2001013c    00000030                 : uart.obj (.text:UARTDisable)
                  2001016c    00000030     rtsv7M4_T_le_eabi.lib : vsnprintf.c.obj (.text:_outs)
                  2001019c    00000030                           : getdevice.c.obj (.text:finddevice)
                  200101cc    0000002e                           : i_tofd_t2.asm.obj (.text)
                  200101fa    0000002c     driverlib.a : i2c.obj (.text:I2CMasterErr)
                  20010226    00000002     --HOLE-- [fill = 0]
                  20010228    0000002c     simplelink.a : cc_pal.obj (.text:NwpPowerOn)
                  20010254    0000002c     driverlib.a : prcm.obj (.text:PRCMSysResetCauseGet)
                  20010280    0000002c     simplelink.a : driver.obj (.text:_SlDrvObjGlobalLockWaitForever)
                  200102ac    0000002c                  : driver.obj (.text:_SlDrvProtectionObjLockWaitForever)
                  200102d8    0000002c     rtsv7M4_T_le_eabi.lib : unlink.c.obj (.text:unlink)
                  20010304    0000002a     driverlib.a : timer.obj (.text:TimerLoadSet)
                  2001032e    0000002a                 : timer.obj (.text:TimerPrescaleSet)
                  20010358    0000002a     rtsv7M4_T_le_eabi.lib : strspn.c.obj (.text:strspn)
                  20010382    00000002     --HOLE-- [fill = 0]
                  20010384    00000028     driverlib.a : prcm.obj (.text:PRCMPeripheralClkDisable)
                  200103ac    00000028     simplelink.a : driver.obj (.text:_SlDrvGlobalObjUnLock)
                  200103d4    00000028                  : driver.obj (.text:_SlDrvProtectionObjUnLock)
                  200103fc    00000028                  : driver.obj (.text:_SlDrvSyncObjWaitForever)
                  20010424    00000028     rtsv7M4_T_le_eabi.lib : memory.c.obj (.text:free_list_insert)
                  2001044c    00000028                           : lseek.c.obj (.text:lseek)
                  20010474    00000028                           : memmov.c.obj (.text:memmove)
                  2001049c    00000028                           : write.c.obj (.text:write)
                  200104c4    00000026     simplelink.a : driver.obj (.text:_SlDrvObjLockWaitForever)
                  200104ea    00000026     network_common.obj (.text)
                  20010510    00000024     simplelink.a : cc_pal.obj (.text:DmaSpiSwIntHandler)
                  20010534    00000024     driverlib.a : interrupt.obj (.text:IntUnregister)
                  20010558    00000024                 : uart.obj (.text:UARTEnable)
                  2001057c    00000024     rtsv7M4_T_le_eabi.lib : boot_cortex_m.c.obj (.text:_c_int00_noargs:_c_int00_noargs)
                  200105a0    00000024                           : u_tofs_t2.asm.obj (.text)
                  200105c4    00000024                           : rand.c.obj (.text:srand)
                  200105e8    00000024                           : strcspn.c.obj (.text:strcspn)
                  2001060c    00000022     driverlib.a : adc.obj (.text:ADCTimerConfig)
                  2001062e    00000022                 : i2c.obj (.text:I2CMasterSlaveAddrSet)
                  20010650    00000022                 : spi.obj (.text:SPIReset)
                  20010672    00000022                 : spi.obj (.text:SPIWordCountSet)
                  20010694    00000020                 : gpio.obj (.text:GPIOPinWrite)
                  200106b4    00000020                 : interrupt.obj (.text:IntRegister)
                  200106d4    00000020     simplelink.a : cc_pal.obj (.text:NwpPrePowerOffTimout0)
                  200106f4    00000020                  : cc_pal.obj (.text:TimerGetCurrentTimestamp)
                  20010714    00000020                  : driver.obj (.text:_SlDrvObjUnLock)
                  20010734    00000020                  : driver.obj (.text:_SlDrvSyncObjSignal)
                  20010754    00000020     rtsv7M4_T_le_eabi.lib : memchr.c.obj (.text:memchr)
                  20010774    0000001e     driverlib.a : gpio.obj (.text:GPIOIntRegister)
                  20010792    0000001e                 : i2c.obj (.text:I2CMasterIntStatusEx)
                  200107b0    0000001e                 : timer.obj (.text:TimerEnable)
                  200107ce    0000001e                 : uart.obj (.text:UARTCharPut)
                  200107ec    0000001e     simplelink.a : cc_pal.obj (.text:cc_UDMAChannelSelect)
                  2001080a    0000001c     driverlib.a : adc.obj (.text:ADCFIFOLvlGet)
                  20010826    0000001c                 : pin.obj (.text:PinTypeI2C)
                  20010842    0000001c                 : timer.obj (.text:TimerValueGet)
                  2001085e    0000001c                 : uart.obj (.text:UARTCharGetNonBlocking)
                  2001087a    0000001c     simplelink.a : driver.obj (.text:_SlDrvStartMeasureTimeout)
                  20010896    00000002     --HOLE-- [fill = 0]
                  20010898    0000001c     rtsv7M4_T_le_eabi.lib : memory.c.obj (.text:free_list_remove)
                  200108b4    0000001c                           : memccpy.c.obj (.text:memccpy)
                  200108d0    0000001c     driverlib.a : udma.obj (.text:uDMAChannelEnable)
                  200108ec    0000001a                 : gpio.obj (.text:GPIOIntEnable)
                  20010906    0000001a                 : pin.obj (.text:PinTypeSPI)
                  20010920    0000001a                 : pin.obj (.text:PinTypeUART)
                  2001093a    0000001a                 : spi.obj (.text:SPIDmaDisable)
                  20010954    0000001a                 : spi.obj (.text:SPIDmaEnable)
                  2001096e    0000001a                 : spi.obj (.text:SPIFIFODisable)
                  20010988    0000001a                 : spi.obj (.text:SPIFIFOEnable)
                  200109a2    0000001a                 : spi.obj (.text:SPIIntUnregister)
                  200109bc    00000018                 : adc.obj (.text:ADCFIFORead)
                  200109d4    00000018                 : gpio.obj (.text:GPIOPinRead)
                  200109ec    00000018                 : i2c.obj (.text:I2CMasterIntEnableEx)
                  20010a04    00000018                 : spi.obj (.text:SPICSDisable)
                  20010a1c    00000018                 : spi.obj (.text:SPICSEnable)
                  20010a34    00000018                 : spi.obj (.text:SPIDisable)
                  20010a4c    00000018                 : spi.obj (.text:SPIEnable)
                  20010a64    00000018                 : uart.obj (.text:UARTCharsAvail)
                  20010a7c    00000018     simplelink.a : nonos.obj (.text:_SlNonOsSemSet)
                  20010a94    00000018     rtsv7M4_T_le_eabi.lib : vsnprintf.c.obj (.text:_outc)
                  20010aac    00000018                           : sprintf.c.obj (.text:_outs)
                  20010ac4    00000018     simplelink.a : device.obj (.text:_sl_GetStartResponseConvert)
                  20010adc    00000018     rtsv7M4_T_le_eabi.lib : strcmp.c.obj (.text:strcmp)
                  20010af4    00000016     driverlib.a : adc.obj (.text:ADCTimerEnable)
                  20010b0a    00000016                 : i2c.obj (.text:I2CMasterDataPut)
                  20010b20    00000016                 : i2c.obj (.text:I2CMasterEnable)
                  20010b36    00000016                 : i2c.obj (.text:I2CMasterIntClear)
                  20010b4c    00000016                 : prcm.obj (.text:PRCMHIBRegRead)
                  20010b62    00000016                 : prcm.obj (.text:PRCMHIBRegWrite)
                  20010b78    00000016     simplelink.a : driver.obj (.text:_SlDrvMemZero)
                  20010b8e    00000016     rtsv7M4_T_le_eabi.lib : strchr.c.obj (.text:strchr)
                  20010ba4    00000014     driverlib.a : adc.obj (.text:ADCEnable)
                  20010bb8    00000014                 : cpu.obj (.text:CPUcpsie)
                  20010bcc    00000014                 : gpio.obj (.text:GPIOIntClear)
                  20010be0    00000014                 : interrupt.obj (.text:IntVTableBaseSet)
                  20010bf4    00000014                 : pin.obj (.text:PinTypeADC)
                  20010c08    00000014     rtsv7M4_T_le_eabi.lib : strcpy.c.obj (.text:strcpy)
                  20010c1c    00000014                           : strlen.c.obj (.text:strlen)
                  20010c30    00000012     driverlib.a : i2c.obj (.text:I2CMasterControl)
                  20010c42    00000012                 : i2c.obj (.text:I2CMasterTimeoutSet)
                  20010c54    00000012     rtsv7M4_T_le_eabi.lib : wcslen.c.obj (.text:wcslen)
                  20010c66    00000010     simplelink.a : driver.obj (.text:_SlDrvDispatchHttpServerEvents)
                  20010c76    0000000e     driverlib.a : i2c.obj (.text:I2CMasterDataGet)
                  20010c84    0000000e     simplelink.a : driver.obj (.text:_SlDrvResetCmdExt)
                  20010c92    0000000e     rtsv7M4_T_le_eabi.lib : time.c.obj (.text:__time32)
                  20010ca0    0000000e                           : copy_decompress_none.c.obj (.text:decompress:none:__TI_decompress_none)
                  20010cae    0000000e     startup_ccs.obj (.text)
                  20010cbc    0000000c     simplelink.a : cc_pal.obj (.text:NwpMaskInterrupt)
                  20010cc8    0000000c                  : cc_pal.obj (.text:NwpUnMaskInterrupt)
                  20010cd4    0000000c     rtsv7M4_T_le_eabi.lib : s_copysign.c.obj (.text:copysign)
                  20010ce0    0000000c                           : copy_zero_init.c.obj (.text:decompress:ZI:__TI_zero_init)
                  20010cec    0000000a     driverlib.a : interrupt.obj (.text:IntMasterEnable)
                  20010cf6    0000000a     rtsv7M4_T_le_eabi.lib : sprintf.c.obj (.text:_outc)
                  20010d00    00000008                           : errno.c.obj (.text:__aeabi_errno_addr)
                  20010d08    00000008                           : memory.c.obj (.text:malloc)
                  20010d10    00000006     driverlib.a : utils.obj (.text:UtilsDelay)
                  20010d16    00000004     rtsv7M4_T_le_eabi.lib : printf.c.obj (.text:_outc)
                  20010d1a    00000004                           : printf.c.obj (.text:_outs)
                  20010d1e    00000004                           : pre_init.c.obj (.text:_system_pre_init)
                  20010d22    00000004                           : exit.c.obj (.text:abort:abort)

.const     0    20010d28    00000b40     
                  20010d28    000004fb     Adafruit_GFX.obj (.const:.string:font)
                  20011223    00000101     rtsv7M4_T_le_eabi.lib : ctype.c.obj (.const:.string:_ctypes_)
                  20011324    00000100     driverlib.a : pin.obj (.const:g_ulPinToPadMap)
                  20011424    000000d4                 : interrupt.obj (.const:g_pulRegs)
                  200114f8    000000a8                 : prcm.obj (.const:PRCM_PeriphRegsList)
                  200115a0    0000003c     simplelink.a : driver.obj (.const:OpcodeTranslateTable)
                  200115dc    00000038                  : driver.obj (.const:_SlActionLookupTable)
                  20011614    0000002c     network_utils.obj (.const:$P$T1$2)
                  20011640    00000024     driverlib.a : spi.obj (.const:g_ppulSPIIntMap)
                  20011664    00000022     network_utils.obj (.const:.string:$P$T0$1)
                  20011686    00000002     --HOLE-- [fill = 0]
                  20011688    00000020     simplelink.a : driver.obj (.const:RxMsgClassLUT)
                  200116a8    0000001a     main.obj (.const:.string:$P$T5$6)
                  200116c2    00000019     main.obj (.const:.string:$P$T1$2)
                  200116db    00000019     main.obj (.const:.string:$P$T6$7)
                  200116f4    00000018     driverlib.a : interrupt.obj (.const:g_pulDisRegs)
                  2001170c    00000018                 : interrupt.obj (.const:g_pulEnRegs)
                  20011724    00000018                 : interrupt.obj (.const:g_pulUnpendRegs)
                  2001173c    00000018                 : spi.obj (.const:g_ulSPIDmaMaskMap)
                  20011754    00000017     main.obj (.const:.string:$P$T3$4)
                  2001176b    00000017     main.obj (.const:.string:$P$T4$5)
                  20011782    00000002     --HOLE-- [fill = 0]
                  20011784    00000014     simplelink.a : driver.obj (.const:$P$T0$1)
                  20011798    00000014                  : nonos.obj (.const:$P$T0$1)
                  200117ac    00000014     network_utils.obj (.const:$P$T2$3)
                  200117c0    00000010     simplelink.a : socket.obj (.const:.string:_SlPayloadByProtocolLUT)
                  200117d0    0000000c     network_utils.obj (.const:$P$T4$5)
                  200117dc    0000000c     network_utils.obj (.const:.string:$P$T3$4)
                  200117e8    00000009     main.obj (.const:.string:$P$T0$1)
                  200117f1    00000008     simplelink.a : device.obj (.const:StartResponseLUT)
                  200117f9    00000003     --HOLE-- [fill = 0]
                  200117fc    00000008                  : driver.obj (.const:g_H2NCnysPattern)
                  20011804    00000008                  : driver.obj (.const:g_H2NSyncPattern)
                  2001180c    00000005     main.obj (.const:.string:$P$T2$3)
                  20011811    00000001     --HOLE-- [fill = 0]
                  20011812    00000004     simplelink.a : wlan.obj (.const:$P$T0$1)
                  20011816    00000004                  : socket.obj (.const:$P$T2$3)
                  2001181a    00000004                  : device.obj (.const:_SlDeviceGetCmdCtrl)
                  2001181e    00000004                  : device.obj (.const:_SlDeviceSetCmdCtrl)
                  20011822    00000004                  : netapp.obj (.const:_SlGetHostByNameCtrl)
                  20011826    00000004                  : netapp.obj (.const:_SlNetAppSendTokenValueCmdCtrl)
                  2001182a    00000004                  : netcfg.obj (.const:_SlNetCfgSetCmdCtrl)
                  2001182e    00000004                  : wlan.obj (.const:_SlPolicySetCmdCtrl)
                  20011832    00000004                  : wlan.obj (.const:_SlProfileDelCmdCtrl)
                  20011836    00000004                  : socket.obj (.const:_SlRecvCmdCtrl)
                  2001183a    00000004                  : netapp.obj (.const:_SlRegisterServiceCtrl)
                  2001183e    00000004                  : wlan.obj (.const:_SlRxFilterSetCmdCtrl)
                  20011842    00000004                  : socket.obj (.const:_SlSendCmdCtrl)
                  20011846    00000004                  : socket.obj (.const:_SlSetSockOptCmdCtrl)
                  2001184a    00000004                  : socket.obj (.const:_SlSockCloseCmdCtrl)
                  2001184e    00000004                  : socket.obj (.const:_SlSockSocketCmdCtrl)
                  20011852    00000004                  : device.obj (.const:_SlStopCmdCtrl)
                  20011856    00000004                  : wlan.obj (.const:_SlWlanCfgSetCmdCtrl)
                  2001185a    00000004                  : wlan.obj (.const:_SlWlanSetModeCmdCtrl)
                  2001185e    00000002     --HOLE-- [fill = 0]
                  20011860    00000004                  : driver.obj (.const:httpServer_callbacks)
                  20011864    00000004                  : driver.obj (.const:netApp_callbacks)

.cinit     0    20011868    000000c0     
                  20011868    0000009a     (.cinit..data.load) [load image, compression = lzss]
                  20011902    00000002     --HOLE-- [fill = 0]
                  20011904    0000000c     (__TI_handler_table)
                  20011910    00000008     (.cinit..bss.load) [load image, compression = zero_init]
                  20011918    00000010     (__TI_cinit_table)

.sysmem    0    20017000    00008000     UNINITIALIZED
                  20017000    00000010     rtsv7M4_T_le_eabi.lib : memory.c.obj (.sysmem)
                  20017010    00007ff0     --HOLE--

.bss       0    2001f000    000007f3     UNINITIALIZED
                  2001f000    00000200     (.common:myfinalbuffer)
                  2001f200    00000200     (.common:pulAdcSamples)
                  2001f400    00000168     simplelink.a : driver.obj (.bss:g_StatMem)
                  2001f568    00000120     rtsv7M4_T_le_eabi.lib : trgmsg.c.obj (.bss:_CIOBUF_)
                  2001f688    000000a0     (.common:__TI_tmpnams)
                  2001f728    00000050     (.common:g_ucDinDout)
                  2001f778    0000002c     (.common:g_time)
                  2001f7a4    00000024     (.common:g_ucConnectionSSID)
                  2001f7c8    00000008     (.common:g_app_config)
                  2001f7d0    00000008     (.common:g_ucConnectionBSSID)
                  2001f7d8    00000008     (.common:parmbuf)
                  2001f7e0    00000004     uart_if.obj (.bss)
                  2001f7e4    00000004     (.common:g_Host)
                  2001f7e8    00000004     (.common:g_port)
                  2001f7ec    00000001     Adafruit_OLED.obj (.bss)
                  2001f7ed    00000001     (.common:RxIrqCnt)
                  2001f7ee    00000001     (.common:g_bDeviceRestartIsRequired)
                  2001f7ef    00000001     (.common:g_cDummy)
                  2001f7f0    00000001     (.common:g_ucLED1Pin)
                  2001f7f1    00000001     (.common:g_ucLED2Pin)
                  2001f7f2    00000001     (.common:g_ucLED3Pin)

.data      0    2001f7f4    00000290     UNINITIALIZED
                  2001f7f4    000000f0     rtsv7M4_T_le_eabi.lib : defs.c.obj (.data:_ftable)
                  2001f8e4    00000078                           : host_device.c.obj (.data:_device)
                  2001f95c    00000050                           : host_device.c.obj (.data:_stream)
                  2001f9ac    0000003c     simplelink.a : nonos.obj (.data:g__SlNonOsCB)
                  2001f9e8    00000015     Adafruit_GFX.obj (.data)
                  2001f9fd    00000002     main.obj (.data:myCharArray)
                  2001f9ff    00000001     --HOLE--
                  2001fa00    00000014     gpio_if.obj (.data:ulReg)
                  2001fa14    00000010     rtsv7M4_T_le_eabi.lib : defs.c.obj (.data)
                  2001fa24    0000000d     simplelink.a : driver.obj (.data)
                  2001fa31    00000003     --HOLE--
                  2001fa34    0000000c     rtsv7M4_T_le_eabi.lib : exit.c.obj (.data:$O1$$)
                  2001fa40    0000000c     gpio_if.obj (.data)
                  2001fa4c    0000000c     network_utils.obj (.data)
                  2001fa58    00000009     simplelink.a : cc_pal.obj (.data)
                  2001fa61    00000003     --HOLE--
                  2001fa64    00000008     rtsv7M4_T_le_eabi.lib : _lock.c.obj (.data:$O1$$)
                  2001fa6c    00000008                           : memory.c.obj (.data:$O1$$)
                  2001fa74    00000004                           : errno.c.obj (.data)
                  2001fa78    00000004                           : rand.c.obj (.data)
                  2001fa7c    00000004                           : strtok.c.obj (.data)
                  2001fa80    00000004     simplelink.a : driver.obj (.data:wlan_callbacks)

.stack     0    2002f000    00001000     UNINITIALIZED
                  2002f000    00000004     rtsv7M4_T_le_eabi.lib : boot_cortex_m.c.obj (.stack)
                  2002f004    00000ffc     --HOLE--

__llvm_prf_cnts 
*          0    20017000    00000000     UNINITIALIZED

MODULE SUMMARY

       Module                       code    ro data   rw data
       ------                       ----    -------   -------
    .\
       main.obj                     7032    136       1026   
       Adafruit_GFX.obj             2688    1275      21     
       Adafruit_OLED.obj            1186    0         1      
       startup_ccs.obj              14      1024      0      
       gpio_if.obj                  920     0         35     
       i2c_if.obj                   672     0         0      
       uart_if.obj                  636     0         4      
       pin_mux_config.obj           328     0         0      
       network_common.obj           38      0         0      
    +--+----------------------------+-------+---------+---------+
       Total:                       13514   2435      1087   
                                                             
    .\utils\
       network_utils.obj            3776    122       116    
    +--+----------------------------+-------+---------+---------+
       Total:                       3776    122       116    
                                                             
    C:/ti/CC3200SDK_1.5.0/cc3200-sdk/driverlib/ccs/Release/driverlib.a
       spi.obj                      1532    60        0      
       prcm.obj                     852     168       0      
       interrupt.obj                608     284       0      
       pin.obj                      348     256       0      
       udma.obj                     604     0         0      
       gpio.obj                     388     0         0      
       i2c.obj                      380     0         0      
       uart.obj                     284     0         0      
       adc.obj                      240     0         0      
       timer.obj                    210     0         0      
       cpu.obj                      20      0         0      
       utils.obj                    6       0         0      
    +--+----------------------------+-------+---------+---------+
       Total:                       5472    768       0      
                                                             
    C:/ti/CC3200SDK_1.5.0/cc3200-sdk/simplelink/ccs/NON_OS/simplelink.a
       driver.obj                   7906    192       379    
       cc_pal.obj                   1820    0         90     
       socket.obj                   1830    40        0      
       netapp.obj                   1572    12        0      
       wlan.obj                     1316    24        0      
       device.obj                   1230    20        0      
       nonos.obj                    416     20        60     
       netcfg.obj                   152     4         0      
    +--+----------------------------+-------+---------+---------+
       Total:                       16242   312       529    
                                                             
    C:\ti\ccs1260\ccs\tools\compiler\ti-cgt-arm_20.2.7.LTS\lib\rtsv7M4_T_le_eabi.lib
       _printfi.c.obj               4835    0         0      
       memory.c.obj                 900     0         8      
       fd_add_t2.asm.obj            438     0         0      
       defs.c.obj                   0       0         416    
       trgmsg.c.obj                 108     0         288    
       fd_div_t2.asm.obj            310     0         0      
       fputs.c.obj                  276     0         0      
       strtoul.c.obj                272     0         0      
       fd_cmp_t2.asm.obj            268     0         0      
       ctype.c.obj                  0       257       0      
       fd_mul_t2.asm.obj            252     0         0      
       fs_add_t2.asm.obj            250     0         0      
       setvbuf.c.obj                220     0         0      
       s_scalbn.c.obj               208     0         0      
       host_device.c.obj            0       0         200    
       memcpy_t2.asm.obj            156     0         0      
       ull_div_t2.asm.obj           150     0         0      
       fputc.c.obj                  140     0         0      
       vsnprintf.c.obj              136     0         0      
       fs_mul_t2.asm.obj            122     0         0      
       memset_t2.asm.obj            122     0         0      
       fclose.c.obj                 116     0         0      
       getdevice.c.obj              116     0         0      
       printf.c.obj                 112     0         0      
       fd_tos_t2.asm.obj            110     0         0      
       hostrename.c.obj             108     0         0      
       copy_decompress_lzss.c.obj   104     0         0      
       hostlseek.c.obj              104     0         0      
       hostopen.c.obj               96      0         8      
       fseek.c.obj                  100     0         0      
       _io_perm.c.obj               98      0         0      
       sprintf.c.obj                98      0         0      
       fs_cmp_t2.asm.obj            96      0         0      
       close.c.obj                  92      0         0      
       rand.c.obj                   88      0         4      
       s_frexp.c.obj                92      0         0      
       exit.c.obj                   76      0         12     
       hostread.c.obj               88      0         0      
       hostwrite.c.obj              88      0         0      
       _ltoa.c.obj                  84      0         0      
       atoi.c.obj                   76      0         0      
       fflush.c.obj                 76      0         0      
       fd_toi_t2.asm.obj            72      0         0      
       hosttime.c.obj               72      0         0      
       autoinit.c.obj               68      0         0      
       hostclose.c.obj              68      0         0      
       hostunlink.c.obj             68      0         0      
       strtok.c.obj                 64      0         4      
       fs_tod_t2.asm.obj            56      0         0      
       fs_toi_t2.asm.obj            56      0         0      
       i_tofs_t2.asm.obj            56      0         0      
       strncpy.c.obj                54      0         0      
       fopen.c.obj                  52      0         0      
       i_tofd_t2.asm.obj            46      0         0      
       unlink.c.obj                 44      0         0      
       strspn.c.obj                 42      0         0      
       lseek.c.obj                  40      0         0      
       memmov.c.obj                 40      0         0      
       write.c.obj                  40      0         0      
       boot_cortex_m.c.obj          36      0         0      
       strcspn.c.obj                36      0         0      
       u_tofs_t2.asm.obj            36      0         0      
       memchr.c.obj                 32      0         0      
       memccpy.c.obj                28      0         0      
       strcmp.c.obj                 24      0         0      
       strchr.c.obj                 22      0         0      
       strcpy.c.obj                 20      0         0      
       strlen.c.obj                 20      0         0      
       wcslen.c.obj                 18      0         0      
       copy_decompress_none.c.obj   14      0         0      
       time.c.obj                   14      0         0      
       copy_zero_init.c.obj         12      0         0      
       errno.c.obj                  8       0         4      
       s_copysign.c.obj             12      0         0      
       _lock.c.obj                  2       0         8      
       pre_init.c.obj               4       0         0      
       div0.asm.obj                 2       0         0      
    +--+----------------------------+-------+---------+---------+
       Total:                       12459   257       952    
                                                             
       Heap:                        0       0         32768  
       Stack:                       0       0         4096   
       Linker Generated:            0       190       0      
    +--+----------------------------+-------+---------+---------+
       Grand Total:                 51463   4084      39548  


LINKER GENERATED COPY TABLES

__TI_cinit_table @ 20011918 records: 2, size/record: 8, table size: 16
	.data: load addr=20011868, load size=0000009a bytes, run addr=2001f7f4, run size=00000290 bytes, compression=lzss
	.bss: load addr=20011910, load size=00000008 bytes, run addr=2001f000, run size=000007f3 bytes, compression=zero_init


LINKER GENERATED HANDLER TABLE

__TI_handler_table @ 20011904 records: 3, size/record: 4, table size: 12
	index: 0, handler: __TI_decompress_lzss
	index: 1, handler: __TI_decompress_none
	index: 2, handler: __TI_zero_init


GLOBAL SYMBOLS: SORTED ALPHABETICALLY BY Name 

address   name                                  
-------   ----                                  
2000fddd  ADCChannelDisable                     
2000fe15  ADCChannelEnable                      
20010ba5  ADCEnable                             
2001080b  ADCFIFOLvlGet                         
200109bd  ADCFIFORead                           
2001060d  ADCTimerConfig                        
20010af5  ADCTimerEnable                        
2000891d  Adafruit_Init                         
20010d23  C$$EXIT                               
2000feb3  C$$IO$$                               
20010bb9  CPUcpsie                              
20009635  ClearTerm                             
20008a97  Color565                              
20004919  DisplayBuffer                         
20004469  DisplayPrompt                         
20004495  DisplayUsage                          
20010511  DmaSpiSwIntHandler                    
2000963f  Error                                 
2000ff9d  GPIODirModeSet                        
20010bcd  GPIOIntClear                          
200108ed  GPIOIntEnable                         
20010775  GPIOIntRegister                       
2000e271  GPIOIntTypeSet                        
200109d5  GPIOPinRead                           
20010695  GPIOPinWrite                          
20008ffd  GPIO_IF_ConfigureNIntEnable           
20009089  GPIO_IF_Get                           
20008fb7  GPIO_IF_GetPortNPin                   
20008d79  GPIO_IF_LedConfigure                  
20008e6b  GPIO_IF_LedOff                        
20008db7  GPIO_IF_LedOn                         
20008f1f  GPIO_IF_LedStatus                     
20008f89  GPIO_IF_LedToggle                     
20009045  GPIO_IF_Set                           
20009677  GetCmd                                
2000f7cd  HOSTclose                             
2000e9d1  HOSTlseek                             
2000edc5  HOSTopen                              
2000f05d  HOSTread                              
2000e88d  HOSTrename                            
2000f665  HOSTtime                              
2000f811  HOSTunlink                            
2000f0b5  HOSTwrite                             
20010c31  I2CMasterControl                      
20010c77  I2CMasterDataGet                      
20010b0b  I2CMasterDataPut                      
20010b21  I2CMasterEnable                       
200101fb  I2CMasterErr                          
2000e169  I2CMasterInitExpClk                   
20010b37  I2CMasterIntClear                     
200109ed  I2CMasterIntEnableEx                  
20010793  I2CMasterIntStatusEx                  
2001062f  I2CMasterSlaveAddrSet                 
20010c43  I2CMasterTimeoutSet                   
2000935f  I2C_IF_Close                          
20009303  I2C_IF_Open                           
20009201  I2C_IF_Read                           
200092bd  I2C_IF_ReadFrom                       
20009151  I2C_IF_Write                          
200095f5  InitTerm                              
2000d1c5  IntDisable                            
2000d26d  IntEnable                             
20010ced  IntMasterEnable                       
2000f10d  IntPendClear                          
2000f215  IntPrioritySet                        
200106b5  IntRegister                           
20010535  IntUnregister                         
20010be1  IntVTableBaseSet                      
20004ae5  MeasureLoudness                       
20009613  Message                               
20010cbd  NwpMaskInterrupt                      
2000fe4d  NwpPowerOff                           
20010229  NwpPowerOn                            
200106d5  NwpPrePowerOffTimout0                 
2000fc35  NwpRegisterInterruptHandler           
20010cc9  NwpUnMaskInterrupt                    
200115a0  OpcodeTranslateTable                  
200077e3  Outstr                                
2000aac5  PRCMCC3200MCUInit                     
20010b4d  PRCMHIBRegRead                        
20010b63  PRCMHIBRegWrite                       
20010385  PRCMPeripheralClkDisable              
2000fced  PRCMPeripheralClkEnable               
2000d9c1  PRCMPeripheralClockGet                
2000f165  PRCMPeripheralReset                   
20010009  PRCMPeripheralStatusGet               
20010255  PRCMSysResetCauseGet                  
20004e65  ParseNProcessCmd                      
2000df4d  PinConfigSet                          
2000fa75  PinModeSet                            
2000aefd  PinMuxConfig                          
20010bf5  PinTypeADC                            
2001010d  PinTypeGPIO                           
20010827  PinTypeI2C                            
20010907  PinTypeSPI                            
20010921  PinTypeUART                           
2000499f  ProcessReadCommand                    
20004a25  ProcessReadRegCommand                 
20004d79  ProcessWriteCommand                   
20004c4f  ProcessWriteRegCommand                
20004edf  ReadAcceleration                      
200097b5  Report                                
20010caf  ResetISR                              
2001f7ed  RxIrqCnt                              
20010a05  SPICSDisable                          
20010a1d  SPICSEnable                           
2000d3b9  SPIConfigSetExpClk                    
20010a35  SPIDisable                            
2001093b  SPIDmaDisable                         
20010955  SPIDmaEnable                          
20010a4d  SPIEnable                             
2001096f  SPIFIFODisable                        
20010989  SPIFIFOEnable                         
2001003d  SPIFIFOLevelSet                       
2000f6ad  SPIIntClear                           
2000f409  SPIIntEnable                          
200109a3  SPIIntUnregister                      
20010651  SPIReset                              
2000dfd5  SPITransfer                           
20010673  SPIWordCountSet                       
2000614d  SimpleLinkGeneralEventHandler         
20006129  SimpleLinkHttpServerCallback          
20006087  SimpleLinkNetAppEventHandler          
2000616d  SimpleLinkSockEventHandler            
20005f79  SimpleLinkWlanEventHandler            
2000f899  TimerConfigure                        
200107b1  TimerEnable                           
200106f5  TimerGetCurrentTimestamp              
20010305  TimerLoadSet                          
2001032f  TimerPrescaleSet                      
20010843  TimerValueGet                         
2000971d  TrimSpace                             
2001085f  UARTCharGetNonBlocking                
200107cf  UARTCharPut                           
20010a65  UARTCharsAvail                        
2000e5e1  UARTConfigSetExpClk                   
2001013d  UARTDisable                           
20010559  UARTEnable                            
20010d11  UtilsDelay                            
200115dc  _SlActionLookupTable                  
2000d315  _SlDriverHandleError                  
2000f6f5  _SlDrvBasicCmd                        
2000cee9  _SlDrvCmdOp                           
2000e8f9  _SlDrvCmdSend                         
20009d21  _SlDrvDataReadOp                      
2000adad  _SlDrvDataWriteOp                     
2000d595  _SlDrvDeviceEventHandler              
20010c67  _SlDrvDispatchHttpServerEvents        
2000b7bd  _SlDrvDriverCBDeinit                  
2000a459  _SlDrvDriverCBInit                    
200103ad  _SlDrvGlobalObjUnLock                 
2000f8dd  _SlDrvHandleHttpServerEvents          
2000fab5  _SlDrvHandleNetAppEvents              
2000faf5  _SlDrvHandleWlanEvents                
2000dd1d  _SlDrvIsTimeoutExpired                
20010b79  _SlDrvMemZero                         
2000c4d1  _SlDrvMsgReadSpawnCtx                 
2000bc31  _SlDrvNetAppEventHandler              
200104c5  _SlDrvObjLockWaitForever              
20010715  _SlDrvObjUnLock                       
2000f4a1  _SlDrvProtectAsyncRespSetting         
200102ad  _SlDrvProtectionObjLockWaitForever    
200103d5  _SlDrvProtectionObjUnLock             
20009f05  _SlDrvReleasePoolObj                  
20010c85  _SlDrvResetCmdExt                     
2000f269  _SlDrvRxIrqHandler                    
2001087b  _SlDrvStartMeasureTimeout             
20010735  _SlDrvSyncObjSignal                   
200103fd  _SlDrvSyncObjWaitForever              
2000f921  _SlDrvSyncObjWaitTimeout              
2000a7a9  _SlDrvWaitForPoolObj                  
20011826  _SlNetAppSendTokenValueCmdCtrl        
2000e659  _SlNonOsMainLoopTask                  
2000d115  _SlNonOsSemGet                        
20010a7d  _SlNonOsSemSet                        
2000eb09  _SlNonOsSpawn                         
2001f568  __CIOBUF_                             
20030000  __STACK_END                           
00001000  __STACK_SIZE                          
00008000  __SYSMEM_SIZE                         
20011918  __TI_CINIT_Base                       
20011928  __TI_CINIT_Limit                      
20011904  __TI_Handler_Table_Base               
20011910  __TI_Handler_Table_Limit              
2000f965  __TI_auto_init_nobinit_nopinit        
20010071  __TI_cleanup                          
2001fa34  __TI_cleanup_ptr                      
2000e6cd  __TI_closefile                        
2000ea39  __TI_decompress_lzss                  
20010ca1  __TI_decompress_none                  
2000f4ed  __TI_doflush                          
2001fa38  __TI_dtors_ptr                        
2001fa3c  __TI_enable_exit_profile_output       
2001fa14  __TI_ft_end                           
2000f2bd  __TI_ltoa                             
ffffffff  __TI_pprof_out_hndl                   
200078b9  __TI_printfi                          
ffffffff  __TI_prof_data_size                   
ffffffff  __TI_prof_data_start                  
200100a5  __TI_readmsg                          
20011868  __TI_static_base__                    
2001f688  __TI_tmpnams                          
2000fe85  __TI_writemsg                         
2000ed61  __TI_wrt_ok                           
20010ce1  __TI_zero_init                        
2000e05d  __aeabi_cdcmpeq                       
2000e05d  __aeabi_cdcmple                       
2000e0e3  __aeabi_cdrcmple                      
2000ee25  __aeabi_cfcmpeq                       
2000ee25  __aeabi_cfcmple                       
2000e81f  __aeabi_d2f                           
2000f785  __aeabi_d2iz                          
2000a2ab  __aeabi_dadd                          
2000b551  __aeabi_ddiv                          
2000be35  __aeabi_dmul                          
2000a2a1  __aeabi_dsub                          
20010d01  __aeabi_errno_addr                    
2000febd  __aeabi_f2d                           
2000fef5  __aeabi_f2iz                          
2000bf35  __aeabi_fadd                          
2000e475  __aeabi_fmul                          
2000bf31  __aeabi_fsub                          
200101cd  __aeabi_i2d                           
2000ff2d  __aeabi_i2f                           
2000a457  __aeabi_idiv0                         
2000a457  __aeabi_ldiv0                         
2000e4ef  __aeabi_memclr                        
2000e4ef  __aeabi_memclr4                       
2000e4ef  __aeabi_memclr8                       
2000d4f9  __aeabi_memcpy                        
2000d4f9  __aeabi_memcpy4                       
2000d4f9  __aeabi_memcpy8                       
2000e4f1  __aeabi_memset                        
2000e4f1  __aeabi_memset4                       
2000e4f1  __aeabi_memset8                       
2001fa20  __aeabi_stderr                        
2001fa18  __aeabi_stdin                         
2001fa1c  __aeabi_stdout                        
200105a1  __aeabi_ui2f                          
2000d929  __aeabi_uldivmod                      
ffffffff  __binit__                             
ffffffff  __c_args__                            
UNDEFED   __mpu_init                            
2002f000  __stack                               
20017000  __start___llvm_prf_cnts               
20017000  __stop___llvm_prf_cnts                
20010c93  __time32                              
2001057d  _c_int00_noargs                       
20011223  _ctypes_                              
2001f8e4  _device                               
2001f7f4  _ftable                               
2001fa64  _lock                                 
20008d3b  _nop                                  
2000eb6d  _sl_HandleAsync_Accept                
2000e2f5  _sl_HandleAsync_Connect               
2000da55  _sl_HandleAsync_DnsGetHostByName      
2000cc8d  _sl_HandleAsync_DnsGetHostByService   
2000dda9  _sl_HandleAsync_InitComplete          
2000dae5  _sl_HandleAsync_PingResponse          
2000f311  _sl_HandleAsync_Select                
2000f3b9  _sl_HandleAsync_Stop                  
2000e965  _sl_NetAppSendTokenValue              
2001f95c  _stream                               
20017000  _sys_memory                           
UNDEFED   _system_post_cinit                    
20010d1f  _system_pre_init                      
2001fa68  _unlock                               
20010d23  abort                                 
2000bd35  aligned_alloc                         
2000f585  atoi                                  
ffffffff  binit                                 
2000efa5  close                                 
20006b11  connectToAccessPoint                  
20010cd5  copysign                              
20010cd5  copysignl                             
20004f2f  createBackground                      
2001f9e8  cursor_x                              
2001f9ec  cursor_y                              
20007697  drawChar                              
20006e39  drawCircle                            
20006f6d  drawCircleHelper                      
20008c45  drawFastHLine                         
20008ba9  drawFastVLine                         
200071b3  drawLine                              
20008ce1  drawPixel                             
2000729f  drawRect                              
200072ed  drawRoundRect                         
20007455  drawTriangle                          
2001fa74  errno                                 
2000f73d  exit                                  
2000708b  fillCircle                            
200070c5  fillCircleHelper                      
20008aef  fillRect                              
200073db  fillRoundRect                         
20008ad9  fillScreen                            
20007497  fillTriangle                          
2001019d  finddevice                            
2000de35  fputc                                 
2000ba0d  fputs                                 
2000c5b9  free                                  
2000f001  frexp                                 
2000f001  frexpl                                
2000ebd1  fseek                                 
2001f7e4  g_Host                                
2001fa24  g_SlDeviceStatus                      
2001fa58  g_SpiFd                               
2001f9ac  g__SlNonOsCB                          
2001f7c8  g_app_config                          
2001f7ee  g_bDeviceRestartIsRequired            
2001f7ef  g_cDummy                              
2001fa28  g_pCB                                 
2001fa5c  g_pHostIntHdl                         
20004000  g_pfnVectors                          
2001f7e8  g_port                                
2001f778  g_time                                
2001f7d0  g_ucConnectionBSSID                   
2001f7a4  g_ucConnectionSSID                    
2001fa60  g_ucDMAEnabled                        
2001f728  g_ucDinDout                           
2001f7f0  g_ucLED1Pin                           
2001f7f1  g_ucLED2Pin                           
2001f7f2  g_ucLED3Pin                           
2001fa40  g_uiLED1Port                          
2001fa44  g_uiLED2Port                          
2001fa48  g_uiLED3Port                          
2001fa54  g_ulGatewayIP                         
2001fa50  g_ulPingPacketsRecv                   
2001fa4c  g_ulStatus                            
2000f9ed  getdevice                             
20008a53  goTo                                  
20007897  height                                
20008d1f  invert                                
2000caed  ldexp                                 
2000caed  ldexpl                                
2001044d  lseek                                 
200056fd  main                                  
20010d09  malloc                                
2000bd35  memalign                              
200108b5  memccpy                               
20010755  memchr                                
2000d4f9  memcpy                                
20010475  memmove                               
2000e4f7  memset                                
2001f9fd  myCharArray                           
2001f000  myfinalbuffer                         
2001fa2c  pPingCallBackFunc                     
2001f7d8  parmbuf                               
20005027  playGame                              
2000eaa1  printf                                
2001f200  pulAdcSamples                         
2000de35  putc                                  
200100d9  rand                                  
2000c69d  realloc                               
200102d9  remove                                
2000caed  scalbn                                
2000caed  scalbnl                               
2000782f  setCursor                             
20007867  setTextColor                          
20007847  setTextSize                           
2000787f  setTextWrap                           
2000c941  setvbuf                               
2000fd29  simplelink_timerA2_start              
2000ee85  sl_Close                              
2000a939  sl_Connect                            
2000cd59  sl_DevGet                             
2000d631  sl_DevSet                             
2000fa31  sl_Htonl                              
2000fd65  sl_Htons                              
2000b2d1  sl_NetAppDnsGetHostByName             
2000c781  sl_NetAppMDNSRegisterUnregisterService
2000ec35  sl_NetAppMDNSUnRegisterService        
2000d6c9  sl_NetCfgSet                          
200104eb  sl_Provisioning_HttpServerEventHdl    
200104f9  sl_Provisioning_NetAppEventHdl        
20010505  sl_Provisioning_WlanEventHdl          
2000d459  sl_Recv                               
2000b689  sl_Send                               
2000d761  sl_SetSockOpt                         
2000dec1  sl_Socket                             
2000c2fd  sl_Start                              
2000c02d  sl_Stop                               
20009375  sl_WlanConnect                        
2000ff65  sl_WlanDisconnect                     
2000db75  sl_WlanPolicySet                      
2000eee5  sl_WlanProfileDel                     
2000e1ed  sl_WlanRxFilterSet                    
2000d7f9  sl_WlanSet                            
2000ef45  sl_WlanSetMode                        
2000e569  spi_Close                             
2000b045  spi_Open                              
2000c11d  spi_Read                              
2000d891  spi_Write                             
2000fb75  sprintf                               
200105c5  srand                                 
20010b8f  strchr                                
20010add  strcmp                                
20010c09  strcpy                                
200105e9  strcspn                               
20010c1d  strlen                                
2000ffd3  strncpy                               
20010359  strspn                                
2000fbb5  strtok                                
2000bb21  strtoul                               
2001f9f8  textbgcolor                           
2001f9f4  textcolor                             
2001f9f0  textsize                              
20010c93  time                                  
20006909  tls_connect                           
2000f5d1  uDMAChannelAssign                     
2000ec99  uDMAChannelAttributeDisable           
2000ecfd  uDMAChannelAttributeEnable            
2000fda1  uDMAChannelControlSet                 
200108d1  uDMAChannelEnable                     
2000c20d  uDMAChannelTransferSet                
200102d9  unlink                                
2000fbf5  vsnprintf                             
20010c55  wcslen                                
20007893  width                                 
2001f9fc  wrap                                  
2001049d  write                                 
20008899  writeCommand                          
200088db  writeData                             


GLOBAL SYMBOLS: SORTED BY Symbol Address 

address   name                                  
-------   ----                                  
00001000  __STACK_SIZE                          
00008000  __SYSMEM_SIZE                         
20004000  g_pfnVectors                          
20004469  DisplayPrompt                         
20004495  DisplayUsage                          
20004919  DisplayBuffer                         
2000499f  ProcessReadCommand                    
20004a25  ProcessReadRegCommand                 
20004ae5  MeasureLoudness                       
20004c4f  ProcessWriteRegCommand                
20004d79  ProcessWriteCommand                   
20004e65  ParseNProcessCmd                      
20004edf  ReadAcceleration                      
20004f2f  createBackground                      
20005027  playGame                              
200056fd  main                                  
20005f79  SimpleLinkWlanEventHandler            
20006087  SimpleLinkNetAppEventHandler          
20006129  SimpleLinkHttpServerCallback          
2000614d  SimpleLinkGeneralEventHandler         
2000616d  SimpleLinkSockEventHandler            
20006909  tls_connect                           
20006b11  connectToAccessPoint                  
20006e39  drawCircle                            
20006f6d  drawCircleHelper                      
2000708b  fillCircle                            
200070c5  fillCircleHelper                      
200071b3  drawLine                              
2000729f  drawRect                              
200072ed  drawRoundRect                         
200073db  fillRoundRect                         
20007455  drawTriangle                          
20007497  fillTriangle                          
20007697  drawChar                              
200077e3  Outstr                                
2000782f  setCursor                             
20007847  setTextSize                           
20007867  setTextColor                          
2000787f  setTextWrap                           
20007893  width                                 
20007897  height                                
200078b9  __TI_printfi                          
20008899  writeCommand                          
200088db  writeData                             
2000891d  Adafruit_Init                         
20008a53  goTo                                  
20008a97  Color565                              
20008ad9  fillScreen                            
20008aef  fillRect                              
20008ba9  drawFastVLine                         
20008c45  drawFastHLine                         
20008ce1  drawPixel                             
20008d1f  invert                                
20008d3b  _nop                                  
20008d79  GPIO_IF_LedConfigure                  
20008db7  GPIO_IF_LedOn                         
20008e6b  GPIO_IF_LedOff                        
20008f1f  GPIO_IF_LedStatus                     
20008f89  GPIO_IF_LedToggle                     
20008fb7  GPIO_IF_GetPortNPin                   
20008ffd  GPIO_IF_ConfigureNIntEnable           
20009045  GPIO_IF_Set                           
20009089  GPIO_IF_Get                           
20009151  I2C_IF_Write                          
20009201  I2C_IF_Read                           
200092bd  I2C_IF_ReadFrom                       
20009303  I2C_IF_Open                           
2000935f  I2C_IF_Close                          
20009375  sl_WlanConnect                        
200095f5  InitTerm                              
20009613  Message                               
20009635  ClearTerm                             
2000963f  Error                                 
20009677  GetCmd                                
2000971d  TrimSpace                             
200097b5  Report                                
20009d21  _SlDrvDataReadOp                      
20009f05  _SlDrvReleasePoolObj                  
2000a2a1  __aeabi_dsub                          
2000a2ab  __aeabi_dadd                          
2000a457  __aeabi_idiv0                         
2000a457  __aeabi_ldiv0                         
2000a459  _SlDrvDriverCBInit                    
2000a7a9  _SlDrvWaitForPoolObj                  
2000a939  sl_Connect                            
2000aac5  PRCMCC3200MCUInit                     
2000adad  _SlDrvDataWriteOp                     
2000aefd  PinMuxConfig                          
2000b045  spi_Open                              
2000b2d1  sl_NetAppDnsGetHostByName             
2000b551  __aeabi_ddiv                          
2000b689  sl_Send                               
2000b7bd  _SlDrvDriverCBDeinit                  
2000ba0d  fputs                                 
2000bb21  strtoul                               
2000bc31  _SlDrvNetAppEventHandler              
2000bd35  aligned_alloc                         
2000bd35  memalign                              
2000be35  __aeabi_dmul                          
2000bf31  __aeabi_fsub                          
2000bf35  __aeabi_fadd                          
2000c02d  sl_Stop                               
2000c11d  spi_Read                              
2000c20d  uDMAChannelTransferSet                
2000c2fd  sl_Start                              
2000c4d1  _SlDrvMsgReadSpawnCtx                 
2000c5b9  free                                  
2000c69d  realloc                               
2000c781  sl_NetAppMDNSRegisterUnregisterService
2000c941  setvbuf                               
2000caed  ldexp                                 
2000caed  ldexpl                                
2000caed  scalbn                                
2000caed  scalbnl                               
2000cc8d  _sl_HandleAsync_DnsGetHostByService   
2000cd59  sl_DevGet                             
2000cee9  _SlDrvCmdOp                           
2000d115  _SlNonOsSemGet                        
2000d1c5  IntDisable                            
2000d26d  IntEnable                             
2000d315  _SlDriverHandleError                  
2000d3b9  SPIConfigSetExpClk                    
2000d459  sl_Recv                               
2000d4f9  __aeabi_memcpy                        
2000d4f9  __aeabi_memcpy4                       
2000d4f9  __aeabi_memcpy8                       
2000d4f9  memcpy                                
2000d595  _SlDrvDeviceEventHandler              
2000d631  sl_DevSet                             
2000d6c9  sl_NetCfgSet                          
2000d761  sl_SetSockOpt                         
2000d7f9  sl_WlanSet                            
2000d891  spi_Write                             
2000d929  __aeabi_uldivmod                      
2000d9c1  PRCMPeripheralClockGet                
2000da55  _sl_HandleAsync_DnsGetHostByName      
2000dae5  _sl_HandleAsync_PingResponse          
2000db75  sl_WlanPolicySet                      
2000dd1d  _SlDrvIsTimeoutExpired                
2000dda9  _sl_HandleAsync_InitComplete          
2000de35  fputc                                 
2000de35  putc                                  
2000dec1  sl_Socket                             
2000df4d  PinConfigSet                          
2000dfd5  SPITransfer                           
2000e05d  __aeabi_cdcmpeq                       
2000e05d  __aeabi_cdcmple                       
2000e0e3  __aeabi_cdrcmple                      
2000e169  I2CMasterInitExpClk                   
2000e1ed  sl_WlanRxFilterSet                    
2000e271  GPIOIntTypeSet                        
2000e2f5  _sl_HandleAsync_Connect               
2000e475  __aeabi_fmul                          
2000e4ef  __aeabi_memclr                        
2000e4ef  __aeabi_memclr4                       
2000e4ef  __aeabi_memclr8                       
2000e4f1  __aeabi_memset                        
2000e4f1  __aeabi_memset4                       
2000e4f1  __aeabi_memset8                       
2000e4f7  memset                                
2000e569  spi_Close                             
2000e5e1  UARTConfigSetExpClk                   
2000e659  _SlNonOsMainLoopTask                  
2000e6cd  __TI_closefile                        
2000e81f  __aeabi_d2f                           
2000e88d  HOSTrename                            
2000e8f9  _SlDrvCmdSend                         
2000e965  _sl_NetAppSendTokenValue              
2000e9d1  HOSTlseek                             
2000ea39  __TI_decompress_lzss                  
2000eaa1  printf                                
2000eb09  _SlNonOsSpawn                         
2000eb6d  _sl_HandleAsync_Accept                
2000ebd1  fseek                                 
2000ec35  sl_NetAppMDNSUnRegisterService        
2000ec99  uDMAChannelAttributeDisable           
2000ecfd  uDMAChannelAttributeEnable            
2000ed61  __TI_wrt_ok                           
2000edc5  HOSTopen                              
2000ee25  __aeabi_cfcmpeq                       
2000ee25  __aeabi_cfcmple                       
2000ee85  sl_Close                              
2000eee5  sl_WlanProfileDel                     
2000ef45  sl_WlanSetMode                        
2000efa5  close                                 
2000f001  frexp                                 
2000f001  frexpl                                
2000f05d  HOSTread                              
2000f0b5  HOSTwrite                             
2000f10d  IntPendClear                          
2000f165  PRCMPeripheralReset                   
2000f215  IntPrioritySet                        
2000f269  _SlDrvRxIrqHandler                    
2000f2bd  __TI_ltoa                             
2000f311  _sl_HandleAsync_Select                
2000f3b9  _sl_HandleAsync_Stop                  
2000f409  SPIIntEnable                          
2000f4a1  _SlDrvProtectAsyncRespSetting         
2000f4ed  __TI_doflush                          
2000f585  atoi                                  
2000f5d1  uDMAChannelAssign                     
2000f665  HOSTtime                              
2000f6ad  SPIIntClear                           
2000f6f5  _SlDrvBasicCmd                        
2000f73d  exit                                  
2000f785  __aeabi_d2iz                          
2000f7cd  HOSTclose                             
2000f811  HOSTunlink                            
2000f899  TimerConfigure                        
2000f8dd  _SlDrvHandleHttpServerEvents          
2000f921  _SlDrvSyncObjWaitTimeout              
2000f965  __TI_auto_init_nobinit_nopinit        
2000f9ed  getdevice                             
2000fa31  sl_Htonl                              
2000fa75  PinModeSet                            
2000fab5  _SlDrvHandleNetAppEvents              
2000faf5  _SlDrvHandleWlanEvents                
2000fb75  sprintf                               
2000fbb5  strtok                                
2000fbf5  vsnprintf                             
2000fc35  NwpRegisterInterruptHandler           
2000fced  PRCMPeripheralClkEnable               
2000fd29  simplelink_timerA2_start              
2000fd65  sl_Htons                              
2000fda1  uDMAChannelControlSet                 
2000fddd  ADCChannelDisable                     
2000fe15  ADCChannelEnable                      
2000fe4d  NwpPowerOff                           
2000fe85  __TI_writemsg                         
2000feb3  C$$IO$$                               
2000febd  __aeabi_f2d                           
2000fef5  __aeabi_f2iz                          
2000ff2d  __aeabi_i2f                           
2000ff65  sl_WlanDisconnect                     
2000ff9d  GPIODirModeSet                        
2000ffd3  strncpy                               
20010009  PRCMPeripheralStatusGet               
2001003d  SPIFIFOLevelSet                       
20010071  __TI_cleanup                          
200100a5  __TI_readmsg                          
200100d9  rand                                  
2001010d  PinTypeGPIO                           
2001013d  UARTDisable                           
2001019d  finddevice                            
200101cd  __aeabi_i2d                           
200101fb  I2CMasterErr                          
20010229  NwpPowerOn                            
20010255  PRCMSysResetCauseGet                  
200102ad  _SlDrvProtectionObjLockWaitForever    
200102d9  remove                                
200102d9  unlink                                
20010305  TimerLoadSet                          
2001032f  TimerPrescaleSet                      
20010359  strspn                                
20010385  PRCMPeripheralClkDisable              
200103ad  _SlDrvGlobalObjUnLock                 
200103d5  _SlDrvProtectionObjUnLock             
200103fd  _SlDrvSyncObjWaitForever              
2001044d  lseek                                 
20010475  memmove                               
2001049d  write                                 
200104c5  _SlDrvObjLockWaitForever              
200104eb  sl_Provisioning_HttpServerEventHdl    
200104f9  sl_Provisioning_NetAppEventHdl        
20010505  sl_Provisioning_WlanEventHdl          
20010511  DmaSpiSwIntHandler                    
20010535  IntUnregister                         
20010559  UARTEnable                            
2001057d  _c_int00_noargs                       
200105a1  __aeabi_ui2f                          
200105c5  srand                                 
200105e9  strcspn                               
2001060d  ADCTimerConfig                        
2001062f  I2CMasterSlaveAddrSet                 
20010651  SPIReset                              
20010673  SPIWordCountSet                       
20010695  GPIOPinWrite                          
200106b5  IntRegister                           
200106d5  NwpPrePowerOffTimout0                 
200106f5  TimerGetCurrentTimestamp              
20010715  _SlDrvObjUnLock                       
20010735  _SlDrvSyncObjSignal                   
20010755  memchr                                
20010775  GPIOIntRegister                       
20010793  I2CMasterIntStatusEx                  
200107b1  TimerEnable                           
200107cf  UARTCharPut                           
2001080b  ADCFIFOLvlGet                         
20010827  PinTypeI2C                            
20010843  TimerValueGet                         
2001085f  UARTCharGetNonBlocking                
2001087b  _SlDrvStartMeasureTimeout             
200108b5  memccpy                               
200108d1  uDMAChannelEnable                     
200108ed  GPIOIntEnable                         
20010907  PinTypeSPI                            
20010921  PinTypeUART                           
2001093b  SPIDmaDisable                         
20010955  SPIDmaEnable                          
2001096f  SPIFIFODisable                        
20010989  SPIFIFOEnable                         
200109a3  SPIIntUnregister                      
200109bd  ADCFIFORead                           
200109d5  GPIOPinRead                           
200109ed  I2CMasterIntEnableEx                  
20010a05  SPICSDisable                          
20010a1d  SPICSEnable                           
20010a35  SPIDisable                            
20010a4d  SPIEnable                             
20010a65  UARTCharsAvail                        
20010a7d  _SlNonOsSemSet                        
20010add  strcmp                                
20010af5  ADCTimerEnable                        
20010b0b  I2CMasterDataPut                      
20010b21  I2CMasterEnable                       
20010b37  I2CMasterIntClear                     
20010b4d  PRCMHIBRegRead                        
20010b63  PRCMHIBRegWrite                       
20010b79  _SlDrvMemZero                         
20010b8f  strchr                                
20010ba5  ADCEnable                             
20010bb9  CPUcpsie                              
20010bcd  GPIOIntClear                          
20010be1  IntVTableBaseSet                      
20010bf5  PinTypeADC                            
20010c09  strcpy                                
20010c1d  strlen                                
20010c31  I2CMasterControl                      
20010c43  I2CMasterTimeoutSet                   
20010c55  wcslen                                
20010c67  _SlDrvDispatchHttpServerEvents        
20010c77  I2CMasterDataGet                      
20010c85  _SlDrvResetCmdExt                     
20010c93  __time32                              
20010c93  time                                  
20010ca1  __TI_decompress_none                  
20010caf  ResetISR                              
20010cbd  NwpMaskInterrupt                      
20010cc9  NwpUnMaskInterrupt                    
20010cd5  copysign                              
20010cd5  copysignl                             
20010ce1  __TI_zero_init                        
20010ced  IntMasterEnable                       
20010d01  __aeabi_errno_addr                    
20010d09  malloc                                
20010d11  UtilsDelay                            
20010d1f  _system_pre_init                      
20010d23  C$$EXIT                               
20010d23  abort                                 
20011223  _ctypes_                              
200115a0  OpcodeTranslateTable                  
200115dc  _SlActionLookupTable                  
20011826  _SlNetAppSendTokenValueCmdCtrl        
20011868  __TI_static_base__                    
20011904  __TI_Handler_Table_Base               
20011910  __TI_Handler_Table_Limit              
20011918  __TI_CINIT_Base                       
20011928  __TI_CINIT_Limit                      
20017000  __start___llvm_prf_cnts               
20017000  __stop___llvm_prf_cnts                
20017000  _sys_memory                           
2001f000  myfinalbuffer                         
2001f200  pulAdcSamples                         
2001f568  __CIOBUF_                             
2001f688  __TI_tmpnams                          
2001f728  g_ucDinDout                           
2001f778  g_time                                
2001f7a4  g_ucConnectionSSID                    
2001f7c8  g_app_config                          
2001f7d0  g_ucConnectionBSSID                   
2001f7d8  parmbuf                               
2001f7e4  g_Host                                
2001f7e8  g_port                                
2001f7ed  RxIrqCnt                              
2001f7ee  g_bDeviceRestartIsRequired            
2001f7ef  g_cDummy                              
2001f7f0  g_ucLED1Pin                           
2001f7f1  g_ucLED2Pin                           
2001f7f2  g_ucLED3Pin                           
2001f7f4  _ftable                               
2001f8e4  _device                               
2001f95c  _stream                               
2001f9ac  g__SlNonOsCB                          
2001f9e8  cursor_x                              
2001f9ec  cursor_y                              
2001f9f0  textsize                              
2001f9f4  textcolor                             
2001f9f8  textbgcolor                           
2001f9fc  wrap                                  
2001f9fd  myCharArray                           
2001fa14  __TI_ft_end                           
2001fa18  __aeabi_stdin                         
2001fa1c  __aeabi_stdout                        
2001fa20  __aeabi_stderr                        
2001fa24  g_SlDeviceStatus                      
2001fa28  g_pCB                                 
2001fa2c  pPingCallBackFunc                     
2001fa34  __TI_cleanup_ptr                      
2001fa38  __TI_dtors_ptr                        
2001fa3c  __TI_enable_exit_profile_output       
2001fa40  g_uiLED1Port                          
2001fa44  g_uiLED2Port                          
2001fa48  g_uiLED3Port                          
2001fa4c  g_ulStatus                            
2001fa50  g_ulPingPacketsRecv                   
2001fa54  g_ulGatewayIP                         
2001fa58  g_SpiFd                               
2001fa5c  g_pHostIntHdl                         
2001fa60  g_ucDMAEnabled                        
2001fa64  _lock                                 
2001fa68  _unlock                               
2001fa74  errno                                 
2002f000  __stack                               
20030000  __STACK_END                           
ffffffff  __TI_pprof_out_hndl                   
ffffffff  __TI_prof_data_size                   
ffffffff  __TI_prof_data_start                  
ffffffff  __binit__                             
ffffffff  __c_args__                            
ffffffff  binit                                 
UNDEFED   __mpu_init                            
UNDEFED   _system_post_cinit                    

[422 symbols]
