******************************************************************************
                  TI ARM Linker PC v20.2.7                     
******************************************************************************
>> Linked Tue Jun  4 13:57:38 2024

OUTPUT FILE NAME:   <Final_Project_START_AWS.out>
ENTRY POINT SYMBOL: "_c_int00_noargs"  address: 20010ecd


MEMORY CONFIGURATION

         name            origin    length      used     unused   attr    fill
----------------------  --------  ---------  --------  --------  ----  --------
  SRAM_CODE             20004000   00013000  0000e362  00004c9e  RW X
  SRAM_DATA             20017000   00019000  00009883  0000f77d  RW X


SEGMENT ALLOCATION MAP

run origin  load origin   length   init length attrs members
----------  ----------- ---------- ----------- ----- -------
20004000    20004000    0000e368   0000e368    r-x
  20004000    20004000    00000400   00000400    r-- .intvecs
  20004400    20004400    0000d276   0000d276    r-x .text
  20011678    20011678    00000c2c   00000c2c    r-- .const
  200122a8    200122a8    000000c0   000000c0    r-- .cinit
20017000    20017000    00008884   00000000    rw-
  20017000    20017000    00008000   00000000    rw- .sysmem
  2001f000    2001f000    000005f3   00000000    rw- .bss
  2001f5f4    2001f5f4    00000290   00000000    rw- .data
2002f000    2002f000    00001000   00000000    rw-
  2002f000    2002f000    00001000   00000000    rw- .stack


SECTION ALLOCATION MAP

 output                                  attributes/
section   page    origin      length       input sections
--------  ----  ----------  ----------   ----------------
.intvecs   0    20004000    00000400     
                  20004000    00000400     startup_ccs.obj (.intvecs)

.init_array 
*          0    20004000    00000000     UNINITIALIZED

.text      0    20004400    0000d276     
                  20004400    00002500     main.obj (.text)
                  20006900    00000ec0     network_utils.obj (.text)
                  200077c0    00000a80     Adafruit_GFX.obj (.text)
                  20008240    00000a4e     rtsv7M4_T_le_eabi.lib : _printfi.c.obj (.text:__TI_printfi)
                  20008c8e    00000002     driverlib.a : interrupt.obj (.text:IntDefaultHandler)
                  20008c90    00000590     simplelink.a : driver.obj (.text:_SlDrvMsgRead)
                  20009220    000004a2     Adafruit_OLED.obj (.text)
                  200096c2    00000002     rtsv7M4_T_le_eabi.lib : _lock.c.obj (.text:_nop)
                  200096c4    00000398     gpio_if.obj (.text)
                  20009a5c    000002a0     i2c_if.obj (.text)
                  20009cfc    00000280     simplelink.a : wlan.obj (.text:sl_WlanConnect)
                  20009f7c    0000027c     uart_if.obj (.text)
                  2000a1f8    00000268     rtsv7M4_T_le_eabi.lib : _printfi.c.obj (.text:_pconv_a)
                  2000a460    00000248     simplelink.a : driver.obj (.text:_SlDrvRxHdrRead)
                  2000a6a8    000001e4                  : driver.obj (.text:_SlDrvDataReadOp)
                  2000a88c    000001d0                  : driver.obj (.text:_SlDrvReleasePoolObj)
                  2000aa5c    000001cc     rtsv7M4_T_le_eabi.lib : _printfi.c.obj (.text:_pconv_g)
                  2000ac28    000001b6                           : fd_add_t2.asm.obj (.text)
                  2000adde    00000002                           : div0.asm.obj (.text)
                  2000ade0    000001b4     simplelink.a : driver.obj (.text:_SlDrvDriverCBInit)
                  2000af94    0000019c                  : driver.obj (.text:_SlDrvMsgWrite)
                  2000b130    00000190                  : driver.obj (.text:_SlDrvWaitForPoolObj)
                  2000b2c0    0000018c                  : socket.obj (.text:sl_Connect)
                  2000b44c    00000178     driverlib.a : prcm.obj (.text:PRCMCC3200MCUInit)
                  2000b5c4    00000170     simplelink.a : driver.obj (.text:_SlFindAndSetActiveObj)
                  2000b734    00000150                  : driver.obj (.text:_SlDrvDataWriteOp)
                  2000b884    00000148     pin_mux_config.obj (.text)
                  2000b9cc    00000148     simplelink.a : cc_pal.obj (.text:spi_Open)
                  2000bb14    00000144                  : driver.obj (.text:_SlDrvMsgReadCmdCtx)
                  2000bc58    00000144                  : netapp.obj (.text:sl_NetAppDnsGetHostByName)
                  2000bd9c    0000013c     rtsv7M4_T_le_eabi.lib : _printfi.c.obj (.text:_pconv_e)
                  2000bed8    00000136                           : fd_div_t2.asm.obj (.text)
                  2000c00e    00000002     --HOLE-- [fill = 0]
                  2000c010    00000134     simplelink.a : socket.obj (.text:sl_Send)
                  2000c144    00000130                  : driver.obj (.text:_SlDrvDriverCBDeinit)
                  2000c274    00000120     rtsv7M4_T_le_eabi.lib : _printfi.c.obj (.text:fcvt)
                  2000c394    00000114                           : fputs.c.obj (.text:fputs)
                  2000c4a8    00000110                           : strtoul.c.obj (.text:strtoul)
                  2000c5b8    00000104     simplelink.a : netapp.obj (.text:_SlDrvNetAppEventHandler)
                  2000c6bc    00000100     rtsv7M4_T_le_eabi.lib : memory.c.obj (.text:aligned_alloc)
                  2000c7bc    000000fc                           : fd_mul_t2.asm.obj (.text)
                  2000c8b8    000000fa                           : fs_add_t2.asm.obj (.text)
                  2000c9b2    00000002     --HOLE-- [fill = 0]
                  2000c9b4    000000f0     simplelink.a : device.obj (.text:sl_Stop)
                  2000caa4    000000f0                  : cc_pal.obj (.text:spi_Read)
                  2000cb94    000000f0     driverlib.a : udma.obj (.text:uDMAChannelTransferSet)
                  2000cc84    000000ec     simplelink.a : device.obj (.text:sl_Start)
                  2000cd70    000000e8                  : driver.obj (.text:_SlAsyncEventGenericHandler)
                  2000ce58    000000e8                  : driver.obj (.text:_SlDrvMsgReadSpawnCtx)
                  2000cf40    000000e4     rtsv7M4_T_le_eabi.lib : memory.c.obj (.text:free)
                  2000d024    000000e4                           : memory.c.obj (.text:realloc)
                  2000d108    000000e4     simplelink.a : netapp.obj (.text:sl_NetAppMDNSRegisterUnregisterService)
                  2000d1ec    000000dc                  : driver.obj (.text:_SlDrvClassifyRxMsg)
                  2000d2c8    000000dc     rtsv7M4_T_le_eabi.lib : setvbuf.c.obj (.text:setvbuf)
                  2000d3a4    000000d0     driverlib.a : spi.obj (.text:SPITransfer32)
                  2000d474    000000d0     rtsv7M4_T_le_eabi.lib : s_scalbn.c.obj (.text:scalbn)
                  2000d544    000000ce     driverlib.a : spi.obj (.text:SPITransfer16)
                  2000d612    00000002     --HOLE-- [fill = 0]
                  2000d614    000000cc     simplelink.a : netapp.obj (.text:_sl_HandleAsync_DnsGetHostByService)
                  2000d6e0    000000cc                  : device.obj (.text:sl_DevGet)
                  2000d7ac    000000c4                  : driver.obj (.text:_SlRemoveFromList)
                  2000d870    000000c0                  : driver.obj (.text:_SlDrvCmdOp)
                  2000d930    000000b8     driverlib.a : spi.obj (.text:SPITransfer8)
                  2000d9e8    000000b1     rtsv7M4_T_le_eabi.lib : _printfi.c.obj (.text:_ltostr)
                  2000da99    00000003     --HOLE-- [fill = 0]
                  2000da9c    000000b0     simplelink.a : nonos.obj (.text:_SlNonOsSemGet)
                  2000db4c    000000a8     driverlib.a : interrupt.obj (.text:IntDisable)
                  2000dbf4    000000a8                 : interrupt.obj (.text:IntEnable)
                  2000dc9c    000000a4     simplelink.a : driver.obj (.text:_SlDriverHandleError)
                  2000dd40    000000a0     driverlib.a : spi.obj (.text:SPIConfigSetExpClk)
                  2000dde0    000000a0     simplelink.a : socket.obj (.text:sl_Recv)
                  2000de80    0000009c     rtsv7M4_T_le_eabi.lib : memcpy_t2.asm.obj (.text)
                  2000df1c    0000009a     simplelink.a : device.obj (.text:_SlDrvDeviceEventHandler)
                  2000dfb6    00000002     --HOLE-- [fill = 0]
                  2000dfb8    00000098                  : device.obj (.text:sl_DevSet)
                  2000e050    00000098                  : netcfg.obj (.text:sl_NetCfgSet)
                  2000e0e8    00000098                  : socket.obj (.text:sl_SetSockOpt)
                  2000e180    00000098                  : wlan.obj (.text:sl_WlanSet)
                  2000e218    00000098                  : cc_pal.obj (.text:spi_Write)
                  2000e2b0    00000096     rtsv7M4_T_le_eabi.lib : ull_div_t2.asm.obj (.text)
                  2000e346    00000002     --HOLE-- [fill = 0]
                  2000e348    00000094     driverlib.a : prcm.obj (.text:PRCMPeripheralClockGet)
                  2000e3dc    00000090     simplelink.a : netapp.obj (.text:_sl_HandleAsync_DnsGetHostByName)
                  2000e46c    00000090                  : netapp.obj (.text:_sl_HandleAsync_PingResponse)
                  2000e4fc    00000090                  : wlan.obj (.text:sl_WlanPolicySet)
                  2000e58c    0000008c                  : cc_pal.obj (.text:SetupDMAReceive)
                  2000e618    0000008c                  : cc_pal.obj (.text:SetupDMASend)
                  2000e6a4    0000008c                  : driver.obj (.text:_SlDrvIsTimeoutExpired)
                  2000e730    0000008c                  : device.obj (.text:_sl_HandleAsync_InitComplete)
                  2000e7bc    0000008c     rtsv7M4_T_le_eabi.lib : fputc.c.obj (.text:fputc)
                  2000e848    0000008c     simplelink.a : socket.obj (.text:sl_Socket)
                  2000e8d4    00000088     driverlib.a : pin.obj (.text:PinConfigSet)
                  2000e95c    00000088                 : spi.obj (.text:SPITransfer)
                  2000e9e4    00000086     rtsv7M4_T_le_eabi.lib : fd_cmp_t2.asm.obj (.text:__aeabi_cdcmple)
                  2000ea6a    00000086                           : fd_cmp_t2.asm.obj (.text:__aeabi_cdrcmple)
                  2000eaf0    00000084     driverlib.a : i2c.obj (.text:I2CMasterInitExpClk)
                  2000eb74    00000084     simplelink.a : wlan.obj (.text:sl_WlanRxFilterSet)
                  2000ebf8    00000082     driverlib.a : gpio.obj (.text:GPIOIntTypeSet)
                  2000ec7a    00000002     --HOLE-- [fill = 0]
                  2000ec7c    00000080     simplelink.a : socket.obj (.text:_sl_HandleAsync_Connect)
                  2000ecfc    00000080                  : cc_pal.obj (.text:spi_Read_CPU)
                  2000ed7c    00000080                  : cc_pal.obj (.text:spi_Write_CPU)
                  2000edfc    0000007a     rtsv7M4_T_le_eabi.lib : fs_mul_t2.asm.obj (.text)
                  2000ee76    0000007a                           : memset_t2.asm.obj (.text)
                  2000eef0    00000078     simplelink.a : cc_pal.obj (.text:spi_Close)
                  2000ef68    00000076     driverlib.a : uart.obj (.text:UARTConfigSetExpClk)
                  2000efde    00000002     --HOLE-- [fill = 0]
                  2000efe0    00000074     simplelink.a : nonos.obj (.text:_SlNonOsMainLoopTask)
                  2000f054    00000074     rtsv7M4_T_le_eabi.lib : fclose.c.obj (.text:__TI_closefile)
                  2000f0c8    00000070                           : memory.c.obj (.text:split)
                  2000f138    0000006e                           : _printfi.c.obj (.text:_mcpy)
                  2000f1a6    0000006e                           : fd_tos_t2.asm.obj (.text)
                  2000f214    0000006c                           : hostrename.c.obj (.text:HOSTrename)
                  2000f280    0000006c     simplelink.a : driver.obj (.text:_SlDrvCmdSend)
                  2000f2ec    0000006c                  : netapp.obj (.text:_sl_NetAppSendTokenValue)
                  2000f358    00000068     rtsv7M4_T_le_eabi.lib : hostlseek.c.obj (.text:HOSTlseek)
                  2000f3c0    00000068                           : copy_decompress_lzss.c.obj (.text:decompress:lzss:__TI_decompress_lzss)
                  2000f428    00000068                           : printf.c.obj (.text:printf)
                  2000f490    00000064     simplelink.a : nonos.obj (.text:_SlNonOsSpawn)
                  2000f4f4    00000064                  : socket.obj (.text:_sl_HandleAsync_Accept)
                  2000f558    00000064     rtsv7M4_T_le_eabi.lib : fseek.c.obj (.text:fseek)
                  2000f5bc    00000064     simplelink.a : netapp.obj (.text:sl_NetAppMDNSUnRegisterService)
                  2000f620    00000064     driverlib.a : udma.obj (.text:uDMAChannelAttributeDisable)
                  2000f684    00000064                 : udma.obj (.text:uDMAChannelAttributeEnable)
                  2000f6e8    00000062     rtsv7M4_T_le_eabi.lib : _io_perm.c.obj (.text:__TI_wrt_ok)
                  2000f74a    00000002     --HOLE-- [fill = 0]
                  2000f74c    00000060                           : hostopen.c.obj (.text:HOSTopen)
                  2000f7ac    00000060                           : fs_cmp_t2.asm.obj (.text:__aeabi_cfcmple)
                  2000f80c    00000060     simplelink.a : socket.obj (.text:sl_Close)
                  2000f86c    00000060                  : wlan.obj (.text:sl_WlanProfileDel)
                  2000f8cc    00000060                  : wlan.obj (.text:sl_WlanSetMode)
                  2000f92c    0000005c     rtsv7M4_T_le_eabi.lib : close.c.obj (.text:close)
                  2000f988    0000005c                           : s_frexp.c.obj (.text:frexp)
                  2000f9e4    00000058                           : hostread.c.obj (.text:HOSTread)
                  2000fa3c    00000058                           : hostwrite.c.obj (.text:HOSTwrite)
                  2000fa94    00000058     driverlib.a : interrupt.obj (.text:IntPendClear)
                  2000faec    00000058                 : prcm.obj (.text:PRCMPeripheralReset)
                  2000fb44    00000056     rtsv7M4_T_le_eabi.lib : _printfi.c.obj (.text:_pconv_f)
                  2000fb9a    00000002     --HOLE-- [fill = 0]
                  2000fb9c    00000054     driverlib.a : interrupt.obj (.text:IntPrioritySet)
                  2000fbf0    00000054     simplelink.a : driver.obj (.text:_SlDrvRxIrqHandler)
                  2000fc44    00000054     rtsv7M4_T_le_eabi.lib : _ltoa.c.obj (.text:__TI_ltoa)
                  2000fc98    00000054     simplelink.a : socket.obj (.text:_sl_HandleAsync_Select)
                  2000fcec    00000052     rtsv7M4_T_le_eabi.lib : _printfi.c.obj (.text:_ecpy)
                  2000fd3e    00000002     --HOLE-- [fill = 0]
                  2000fd40    00000050     simplelink.a : device.obj (.text:_sl_HandleAsync_Stop)
                  2000fd90    0000004c     driverlib.a : spi.obj (.text:SPIIntEnable)
                  2000fddc    0000004c                 : spi.obj (.text:SPIIntNumberGet)
                  2000fe28    0000004c     simplelink.a : driver.obj (.text:_SlDrvProtectAsyncRespSetting)
                  2000fe74    0000004c     rtsv7M4_T_le_eabi.lib : fflush.c.obj (.text:__TI_doflush)
                  2000fec0    0000004c     simplelink.a : socket.obj (.text:_sl_BuildAddress)
                  2000ff0c    0000004c     rtsv7M4_T_le_eabi.lib : atoi.c.obj (.text:atoi)
                  2000ff58    0000004c     driverlib.a : udma.obj (.text:uDMAChannelAssign)
                  2000ffa4    00000048                 : gpio.obj (.text:GPIOGetIntNumber)
                  2000ffec    00000048     rtsv7M4_T_le_eabi.lib : hosttime.c.obj (.text:HOSTtime)
                  20010034    00000048     driverlib.a : spi.obj (.text:SPIIntClear)
                  2001007c    00000048     simplelink.a : driver.obj (.text:_SlDrvBasicCmd)
                  200100c4    00000048     rtsv7M4_T_le_eabi.lib : exit.c.obj (.text:exit)
                  2001010c    00000048                           : fd_toi_t2.asm.obj (.text)
                  20010154    00000044                           : hostclose.c.obj (.text:HOSTclose)
                  20010198    00000044                           : hostunlink.c.obj (.text:HOSTunlink)
                  200101dc    00000044     driverlib.a : spi.obj (.text:SPIDmaMaskGet)
                  20010220    00000044                 : timer.obj (.text:TimerConfigure)
                  20010264    00000044     simplelink.a : driver.obj (.text:_SlDrvHandleHttpServerEvents)
                  200102a8    00000044                  : driver.obj (.text:_SlDrvSyncObjWaitTimeout)
                  200102ec    00000044     rtsv7M4_T_le_eabi.lib : autoinit.c.obj (.text:__TI_auto_init_nobinit_nopinit:__TI_auto_init_nobinit_nopinit)
                  20010330    00000044     simplelink.a : cc_pal.obj (.text:cc_SetupTransfer)
                  20010374    00000044     rtsv7M4_T_le_eabi.lib : getdevice.c.obj (.text:getdevice)
                  200103b8    00000042     simplelink.a : socket.obj (.text:sl_Htonl)
                  200103fa    00000002     --HOLE-- [fill = 0]
                  200103fc    00000040     driverlib.a : pin.obj (.text:PinModeSet)
                  2001043c    00000040     simplelink.a : driver.obj (.text:_SlDrvHandleNetAppEvents)
                  2001047c    00000040                  : driver.obj (.text:_SlDrvHandleWlanEvents)
                  200104bc    00000040                  : socket.obj (.text:_sl_TruncatePayloadByProtocol)
                  200104fc    00000040     rtsv7M4_T_le_eabi.lib : sprintf.c.obj (.text:sprintf)
                  2001053c    00000040                           : strtok.c.obj (.text:strtok)
                  2001057c    00000040                           : vsnprintf.c.obj (.text:vsnprintf)
                  200105bc    0000003e     simplelink.a : cc_pal.obj (.text:NwpRegisterInterruptHandler)
                  200105fa    0000003e     rtsv7M4_T_le_eabi.lib : _printfi.c.obj (.text:_fcpy)
                  20010638    0000003c     simplelink.a : netapp.obj (.text:CopyPingResultsToReport)
                  20010674    0000003c     driverlib.a : prcm.obj (.text:PRCMPeripheralClkEnable)
                  200106b0    0000003c     simplelink.a : cc_pal.obj (.text:simplelink_timerA2_start)
                  200106ec    0000003c                  : socket.obj (.text:sl_Htons)
                  20010728    0000003c     driverlib.a : udma.obj (.text:uDMAChannelControlSet)
                  20010764    00000038                 : adc.obj (.text:ADCChannelEnable)
                  2001079c    00000038     simplelink.a : cc_pal.obj (.text:NwpPowerOff)
                  200107d4    00000038     rtsv7M4_T_le_eabi.lib : trgmsg.c.obj (.text:__TI_writemsg)
                  2001080c    00000038                           : fs_tod_t2.asm.obj (.text)
                  20010844    00000038                           : fs_toi_t2.asm.obj (.text)
                  2001087c    00000038                           : i_tofs_t2.asm.obj (.text)
                  200108b4    00000038     simplelink.a : wlan.obj (.text:sl_WlanDisconnect)
                  200108ec    00000036     driverlib.a : gpio.obj (.text:GPIODirModeSet)
                  20010922    00000036     rtsv7M4_T_le_eabi.lib : strncpy.c.obj (.text:strncpy)
                  20010958    00000034     driverlib.a : prcm.obj (.text:PRCMPeripheralStatusGet)
                  2001098c    00000034                 : spi.obj (.text:SPIFIFOLevelSet)
                  200109c0    00000034     rtsv7M4_T_le_eabi.lib : fopen.c.obj (.text:__TI_cleanup)
                  200109f4    00000034                           : trgmsg.c.obj (.text:__TI_readmsg)
                  20010a28    00000034                           : rand.c.obj (.text:rand)
                  20010a5c    00000030     driverlib.a : pin.obj (.text:PinTypeGPIO)
                  20010a8c    00000030                 : uart.obj (.text:UARTDisable)
                  20010abc    00000030     rtsv7M4_T_le_eabi.lib : vsnprintf.c.obj (.text:_outs)
                  20010aec    00000030                           : getdevice.c.obj (.text:finddevice)
                  20010b1c    0000002e                           : i_tofd_t2.asm.obj (.text)
                  20010b4a    0000002c     driverlib.a : i2c.obj (.text:I2CMasterErr)
                  20010b76    00000002     --HOLE-- [fill = 0]
                  20010b78    0000002c     simplelink.a : cc_pal.obj (.text:NwpPowerOn)
                  20010ba4    0000002c     driverlib.a : prcm.obj (.text:PRCMSysResetCauseGet)
                  20010bd0    0000002c     simplelink.a : driver.obj (.text:_SlDrvObjGlobalLockWaitForever)
                  20010bfc    0000002c                  : driver.obj (.text:_SlDrvProtectionObjLockWaitForever)
                  20010c28    0000002c     rtsv7M4_T_le_eabi.lib : unlink.c.obj (.text:unlink)
                  20010c54    0000002a     driverlib.a : timer.obj (.text:TimerLoadSet)
                  20010c7e    0000002a                 : timer.obj (.text:TimerPrescaleSet)
                  20010ca8    0000002a     rtsv7M4_T_le_eabi.lib : strspn.c.obj (.text:strspn)
                  20010cd2    00000002     --HOLE-- [fill = 0]
                  20010cd4    00000028     driverlib.a : prcm.obj (.text:PRCMPeripheralClkDisable)
                  20010cfc    00000028     simplelink.a : driver.obj (.text:_SlDrvGlobalObjUnLock)
                  20010d24    00000028                  : driver.obj (.text:_SlDrvProtectionObjUnLock)
                  20010d4c    00000028                  : driver.obj (.text:_SlDrvSyncObjWaitForever)
                  20010d74    00000028     rtsv7M4_T_le_eabi.lib : memory.c.obj (.text:free_list_insert)
                  20010d9c    00000028                           : lseek.c.obj (.text:lseek)
                  20010dc4    00000028                           : memmov.c.obj (.text:memmove)
                  20010dec    00000028                           : write.c.obj (.text:write)
                  20010e14    00000026     simplelink.a : driver.obj (.text:_SlDrvObjLockWaitForever)
                  20010e3a    00000026     network_common.obj (.text)
                  20010e60    00000024     simplelink.a : cc_pal.obj (.text:DmaSpiSwIntHandler)
                  20010e84    00000024     driverlib.a : interrupt.obj (.text:IntUnregister)
                  20010ea8    00000024                 : uart.obj (.text:UARTEnable)
                  20010ecc    00000024     rtsv7M4_T_le_eabi.lib : boot_cortex_m.c.obj (.text:_c_int00_noargs:_c_int00_noargs)
                  20010ef0    00000024                           : u_tofs_t2.asm.obj (.text)
                  20010f14    00000024                           : rand.c.obj (.text:srand)
                  20010f38    00000024                           : strcspn.c.obj (.text:strcspn)
                  20010f5c    00000022     driverlib.a : adc.obj (.text:ADCTimerConfig)
                  20010f7e    00000022                 : i2c.obj (.text:I2CMasterSlaveAddrSet)
                  20010fa0    00000022                 : spi.obj (.text:SPIReset)
                  20010fc2    00000022                 : spi.obj (.text:SPIWordCountSet)
                  20010fe4    00000020                 : gpio.obj (.text:GPIOPinWrite)
                  20011004    00000020                 : interrupt.obj (.text:IntRegister)
                  20011024    00000020     simplelink.a : cc_pal.obj (.text:NwpPrePowerOffTimout0)
                  20011044    00000020                  : cc_pal.obj (.text:TimerGetCurrentTimestamp)
                  20011064    00000020                  : driver.obj (.text:_SlDrvObjUnLock)
                  20011084    00000020                  : driver.obj (.text:_SlDrvSyncObjSignal)
                  200110a4    00000020     rtsv7M4_T_le_eabi.lib : memchr.c.obj (.text:memchr)
                  200110c4    0000001e     driverlib.a : gpio.obj (.text:GPIOIntRegister)
                  200110e2    0000001e                 : i2c.obj (.text:I2CMasterIntStatusEx)
                  20011100    0000001e                 : timer.obj (.text:TimerEnable)
                  2001111e    0000001e                 : uart.obj (.text:UARTCharPut)
                  2001113c    0000001e     simplelink.a : cc_pal.obj (.text:cc_UDMAChannelSelect)
                  2001115a    0000001c     driverlib.a : adc.obj (.text:ADCFIFOLvlGet)
                  20011176    0000001c                 : pin.obj (.text:PinTypeI2C)
                  20011192    0000001c                 : timer.obj (.text:TimerValueGet)
                  200111ae    0000001c                 : uart.obj (.text:UARTCharGetNonBlocking)
                  200111ca    0000001c     simplelink.a : driver.obj (.text:_SlDrvStartMeasureTimeout)
                  200111e6    00000002     --HOLE-- [fill = 0]
                  200111e8    0000001c     rtsv7M4_T_le_eabi.lib : memory.c.obj (.text:free_list_remove)
                  20011204    0000001c                           : memccpy.c.obj (.text:memccpy)
                  20011220    0000001c     driverlib.a : udma.obj (.text:uDMAChannelEnable)
                  2001123c    0000001a                 : gpio.obj (.text:GPIOIntEnable)
                  20011256    0000001a                 : pin.obj (.text:PinTypeSPI)
                  20011270    0000001a                 : pin.obj (.text:PinTypeUART)
                  2001128a    0000001a                 : spi.obj (.text:SPIDmaDisable)
                  200112a4    0000001a                 : spi.obj (.text:SPIDmaEnable)
                  200112be    0000001a                 : spi.obj (.text:SPIFIFODisable)
                  200112d8    0000001a                 : spi.obj (.text:SPIFIFOEnable)
                  200112f2    0000001a                 : spi.obj (.text:SPIIntUnregister)
                  2001130c    00000018                 : adc.obj (.text:ADCFIFORead)
                  20011324    00000018                 : gpio.obj (.text:GPIOPinRead)
                  2001133c    00000018                 : i2c.obj (.text:I2CMasterIntEnableEx)
                  20011354    00000018                 : spi.obj (.text:SPICSDisable)
                  2001136c    00000018                 : spi.obj (.text:SPICSEnable)
                  20011384    00000018                 : spi.obj (.text:SPIDisable)
                  2001139c    00000018                 : spi.obj (.text:SPIEnable)
                  200113b4    00000018                 : uart.obj (.text:UARTCharsAvail)
                  200113cc    00000018     simplelink.a : nonos.obj (.text:_SlNonOsSemSet)
                  200113e4    00000018     rtsv7M4_T_le_eabi.lib : vsnprintf.c.obj (.text:_outc)
                  200113fc    00000018                           : sprintf.c.obj (.text:_outs)
                  20011414    00000018     simplelink.a : device.obj (.text:_sl_GetStartResponseConvert)
                  2001142c    00000018     rtsv7M4_T_le_eabi.lib : strcmp.c.obj (.text:strcmp)
                  20011444    00000016     driverlib.a : adc.obj (.text:ADCTimerEnable)
                  2001145a    00000016                 : i2c.obj (.text:I2CMasterDataPut)
                  20011470    00000016                 : i2c.obj (.text:I2CMasterEnable)
                  20011486    00000016                 : i2c.obj (.text:I2CMasterIntClear)
                  2001149c    00000016                 : prcm.obj (.text:PRCMHIBRegRead)
                  200114b2    00000016                 : prcm.obj (.text:PRCMHIBRegWrite)
                  200114c8    00000016     simplelink.a : driver.obj (.text:_SlDrvMemZero)
                  200114de    00000016     rtsv7M4_T_le_eabi.lib : strchr.c.obj (.text:strchr)
                  200114f4    00000014     driverlib.a : adc.obj (.text:ADCEnable)
                  20011508    00000014                 : cpu.obj (.text:CPUcpsie)
                  2001151c    00000014                 : gpio.obj (.text:GPIOIntClear)
                  20011530    00000014                 : interrupt.obj (.text:IntVTableBaseSet)
                  20011544    00000014                 : pin.obj (.text:PinTypeADC)
                  20011558    00000014     rtsv7M4_T_le_eabi.lib : strcpy.c.obj (.text:strcpy)
                  2001156c    00000014                           : strlen.c.obj (.text:strlen)
                  20011580    00000012     driverlib.a : i2c.obj (.text:I2CMasterControl)
                  20011592    00000012                 : i2c.obj (.text:I2CMasterTimeoutSet)
                  200115a4    00000012     rtsv7M4_T_le_eabi.lib : wcslen.c.obj (.text:wcslen)
                  200115b6    00000010     simplelink.a : driver.obj (.text:_SlDrvDispatchHttpServerEvents)
                  200115c6    0000000e     driverlib.a : i2c.obj (.text:I2CMasterDataGet)
                  200115d4    0000000e     simplelink.a : driver.obj (.text:_SlDrvResetCmdExt)
                  200115e2    0000000e     rtsv7M4_T_le_eabi.lib : time.c.obj (.text:__time32)
                  200115f0    0000000e                           : copy_decompress_none.c.obj (.text:decompress:none:__TI_decompress_none)
                  200115fe    0000000e     startup_ccs.obj (.text)
                  2001160c    0000000c     simplelink.a : cc_pal.obj (.text:NwpMaskInterrupt)
                  20011618    0000000c                  : cc_pal.obj (.text:NwpUnMaskInterrupt)
                  20011624    0000000c     rtsv7M4_T_le_eabi.lib : s_copysign.c.obj (.text:copysign)
                  20011630    0000000c                           : copy_zero_init.c.obj (.text:decompress:ZI:__TI_zero_init)
                  2001163c    0000000a     driverlib.a : interrupt.obj (.text:IntMasterEnable)
                  20011646    0000000a     rtsv7M4_T_le_eabi.lib : sprintf.c.obj (.text:_outc)
                  20011650    00000008                           : errno.c.obj (.text:__aeabi_errno_addr)
                  20011658    00000008                           : memory.c.obj (.text:malloc)
                  20011660    00000006     driverlib.a : utils.obj (.text:UtilsDelay)
                  20011666    00000004     rtsv7M4_T_le_eabi.lib : printf.c.obj (.text:_outc)
                  2001166a    00000004                           : printf.c.obj (.text:_outs)
                  2001166e    00000004                           : pre_init.c.obj (.text:_system_pre_init)
                  20011672    00000004                           : exit.c.obj (.text:abort:abort)

.const     0    20011678    00000c2c     
                  20011678    000004fb     Adafruit_GFX.obj (.const:.string:font)
                  20011b73    00000101     rtsv7M4_T_le_eabi.lib : ctype.c.obj (.const:.string:_ctypes_)
                  20011c74    00000100     driverlib.a : pin.obj (.const:g_ulPinToPadMap)
                  20011d74    000000d4                 : interrupt.obj (.const:g_pulRegs)
                  20011e48    000000a8                 : prcm.obj (.const:PRCM_PeriphRegsList)
                  20011ef0    0000003c     simplelink.a : driver.obj (.const:OpcodeTranslateTable)
                  20011f2c    00000038                  : driver.obj (.const:_SlActionLookupTable)
                  20011f64    0000002c     network_utils.obj (.const:$P$T1$2)
                  20011f90    00000024     driverlib.a : spi.obj (.const:g_ppulSPIIntMap)
                  20011fb4    00000022     network_utils.obj (.const:.string:$P$T0$1)
                  20011fd6    00000002     --HOLE-- [fill = 0]
                  20011fd8    00000020     simplelink.a : driver.obj (.const:RxMsgClassLUT)
                  20011ff8    0000001b     main.obj (.const:.string:$P$T12$13)
                  20012013    0000001b     main.obj (.const:.string:$P$T13$14)
                  2001202e    0000001b     main.obj (.const:.string:$P$T5$6)
                  20012049    0000001b     main.obj (.const:.string:$P$T6$7)
                  20012064    0000001b     main.obj (.const:.string:$P$T8$9)
                  2001207f    0000001a     main.obj (.const:.string:$P$T10$11)
                  20012099    0000001a     main.obj (.const:.string:$P$T15$16)
                  200120b3    00000019     main.obj (.const:.string:$P$T1$2)
                  200120cc    00000019     main.obj (.const:.string:$P$T11$12)
                  200120e5    00000019     main.obj (.const:.string:$P$T14$15)
                  200120fe    00000019     main.obj (.const:.string:$P$T3$4)
                  20012117    00000001     --HOLE-- [fill = 0]
                  20012118    00000018     driverlib.a : interrupt.obj (.const:g_pulDisRegs)
                  20012130    00000018                 : interrupt.obj (.const:g_pulEnRegs)
                  20012148    00000018                 : interrupt.obj (.const:g_pulUnpendRegs)
                  20012160    00000018                 : spi.obj (.const:g_ulSPIDmaMaskMap)
                  20012178    00000017     main.obj (.const:.string:$P$T4$5)
                  2001218f    00000017     main.obj (.const:.string:$P$T7$8)
                  200121a6    00000017     main.obj (.const:.string:$P$T9$10)
                  200121bd    00000003     --HOLE-- [fill = 0]
                  200121c0    00000014     simplelink.a : driver.obj (.const:$P$T0$1)
                  200121d4    00000014                  : nonos.obj (.const:$P$T0$1)
                  200121e8    00000014     network_utils.obj (.const:$P$T2$3)
                  200121fc    00000010     simplelink.a : socket.obj (.const:.string:_SlPayloadByProtocolLUT)
                  2001220c    0000000c     network_utils.obj (.const:$P$T4$5)
                  20012218    0000000c     network_utils.obj (.const:.string:$P$T3$4)
                  20012224    00000009     main.obj (.const:.string:$P$T0$1)
                  2001222d    00000008     simplelink.a : device.obj (.const:StartResponseLUT)
                  20012235    00000003     --HOLE-- [fill = 0]
                  20012238    00000008                  : driver.obj (.const:g_H2NCnysPattern)
                  20012240    00000008                  : driver.obj (.const:g_H2NSyncPattern)
                  20012248    00000005     main.obj (.const:.string:$P$T2$3)
                  2001224d    00000001     --HOLE-- [fill = 0]
                  2001224e    00000004     simplelink.a : wlan.obj (.const:$P$T0$1)
                  20012252    00000004                  : socket.obj (.const:$P$T2$3)
                  20012256    00000004                  : device.obj (.const:_SlDeviceGetCmdCtrl)
                  2001225a    00000004                  : device.obj (.const:_SlDeviceSetCmdCtrl)
                  2001225e    00000004                  : netapp.obj (.const:_SlGetHostByNameCtrl)
                  20012262    00000004                  : netapp.obj (.const:_SlNetAppSendTokenValueCmdCtrl)
                  20012266    00000004                  : netcfg.obj (.const:_SlNetCfgSetCmdCtrl)
                  2001226a    00000004                  : wlan.obj (.const:_SlPolicySetCmdCtrl)
                  2001226e    00000004                  : wlan.obj (.const:_SlProfileDelCmdCtrl)
                  20012272    00000004                  : socket.obj (.const:_SlRecvCmdCtrl)
                  20012276    00000004                  : netapp.obj (.const:_SlRegisterServiceCtrl)
                  2001227a    00000004                  : wlan.obj (.const:_SlRxFilterSetCmdCtrl)
                  2001227e    00000004                  : socket.obj (.const:_SlSendCmdCtrl)
                  20012282    00000004                  : socket.obj (.const:_SlSetSockOptCmdCtrl)
                  20012286    00000004                  : socket.obj (.const:_SlSockCloseCmdCtrl)
                  2001228a    00000004                  : socket.obj (.const:_SlSockSocketCmdCtrl)
                  2001228e    00000004                  : device.obj (.const:_SlStopCmdCtrl)
                  20012292    00000004                  : wlan.obj (.const:_SlWlanCfgSetCmdCtrl)
                  20012296    00000004                  : wlan.obj (.const:_SlWlanSetModeCmdCtrl)
                  2001229a    00000002     --HOLE-- [fill = 0]
                  2001229c    00000004                  : driver.obj (.const:httpServer_callbacks)
                  200122a0    00000004                  : driver.obj (.const:netApp_callbacks)

.cinit     0    200122a8    000000c0     
                  200122a8    0000009a     (.cinit..data.load) [load image, compression = lzss]
                  20012342    00000002     --HOLE-- [fill = 0]
                  20012344    0000000c     (__TI_handler_table)
                  20012350    00000008     (.cinit..bss.load) [load image, compression = zero_init]
                  20012358    00000010     (__TI_cinit_table)

.sysmem    0    20017000    00008000     UNINITIALIZED
                  20017000    00000010     rtsv7M4_T_le_eabi.lib : memory.c.obj (.sysmem)
                  20017010    00007ff0     --HOLE--

.bss       0    2001f000    000005f3     UNINITIALIZED
                  2001f000    00000200     (.common:myfinalbuffer)
                  2001f200    00000168     simplelink.a : driver.obj (.bss:g_StatMem)
                  2001f368    00000120     rtsv7M4_T_le_eabi.lib : trgmsg.c.obj (.bss:_CIOBUF_)
                  2001f488    000000a0     (.common:__TI_tmpnams)
                  2001f528    00000050     (.common:g_ucDinDout)
                  2001f578    0000002c     (.common:g_time)
                  2001f5a4    00000024     (.common:g_ucConnectionSSID)
                  2001f5c8    00000008     (.common:g_app_config)
                  2001f5d0    00000008     (.common:g_ucConnectionBSSID)
                  2001f5d8    00000008     (.common:parmbuf)
                  2001f5e0    00000004     uart_if.obj (.bss)
                  2001f5e4    00000004     (.common:g_Host)
                  2001f5e8    00000004     (.common:g_port)
                  2001f5ec    00000001     Adafruit_OLED.obj (.bss)
                  2001f5ed    00000001     (.common:RxIrqCnt)
                  2001f5ee    00000001     (.common:g_bDeviceRestartIsRequired)
                  2001f5ef    00000001     (.common:g_cDummy)
                  2001f5f0    00000001     (.common:g_ucLED1Pin)
                  2001f5f1    00000001     (.common:g_ucLED2Pin)
                  2001f5f2    00000001     (.common:g_ucLED3Pin)

.data      0    2001f5f4    00000290     UNINITIALIZED
                  2001f5f4    000000f0     rtsv7M4_T_le_eabi.lib : defs.c.obj (.data:_ftable)
                  2001f6e4    00000078                           : host_device.c.obj (.data:_device)
                  2001f75c    00000050                           : host_device.c.obj (.data:_stream)
                  2001f7ac    0000003c     simplelink.a : nonos.obj (.data:g__SlNonOsCB)
                  2001f7e8    00000015     Adafruit_GFX.obj (.data)
                  2001f7fd    00000003     main.obj (.data:myCharArray)
                  2001f800    00000014     gpio_if.obj (.data:ulReg)
                  2001f814    00000010     rtsv7M4_T_le_eabi.lib : defs.c.obj (.data)
                  2001f824    0000000d     simplelink.a : driver.obj (.data)
                  2001f831    00000003     --HOLE--
                  2001f834    0000000c     rtsv7M4_T_le_eabi.lib : exit.c.obj (.data:$O1$$)
                  2001f840    0000000c     gpio_if.obj (.data)
                  2001f84c    0000000c     network_utils.obj (.data)
                  2001f858    00000009     simplelink.a : cc_pal.obj (.data)
                  2001f861    00000003     --HOLE--
                  2001f864    00000008     rtsv7M4_T_le_eabi.lib : _lock.c.obj (.data:$O1$$)
                  2001f86c    00000008                           : memory.c.obj (.data:$O1$$)
                  2001f874    00000004                           : errno.c.obj (.data)
                  2001f878    00000004                           : rand.c.obj (.data)
                  2001f87c    00000004                           : strtok.c.obj (.data)
                  2001f880    00000004     simplelink.a : driver.obj (.data:wlan_callbacks)

.stack     0    2002f000    00001000     UNINITIALIZED
                  2002f000    00000004     rtsv7M4_T_le_eabi.lib : boot_cortex_m.c.obj (.stack)
                  2002f004    00000ffc     --HOLE--

__llvm_prf_cnts 
*          0    20017000    00000000     UNINITIALIZED

MODULE SUMMARY

       Module                       code    ro data   rw data
       ------                       ----    -------   -------
    .\
       main.obj                     9472    370       515    
       Adafruit_GFX.obj             2688    1275      21     
       Adafruit_OLED.obj            1186    0         1      
       startup_ccs.obj              14      1024      0      
       gpio_if.obj                  920     0         35     
       i2c_if.obj                   672     0         0      
       uart_if.obj                  636     0         4      
       pin_mux_config.obj           328     0         0      
       network_common.obj           38      0         0      
    +--+----------------------------+-------+---------+---------+
       Total:                       15954   2669      576    
                                                             
    .\utils\
       network_utils.obj            3776    122       116    
    +--+----------------------------+-------+---------+---------+
       Total:                       3776    122       116    
                                                             
    C:/ti/CC3200SDK_1.5.0/cc3200-sdk/driverlib/ccs/Release/driverlib.a
       spi.obj                      1532    60        0      
       prcm.obj                     852     168       0      
       interrupt.obj                608     284       0      
       pin.obj                      348     256       0      
       udma.obj                     604     0         0      
       gpio.obj                     388     0         0      
       i2c.obj                      380     0         0      
       uart.obj                     284     0         0      
       timer.obj                    210     0         0      
       adc.obj                      184     0         0      
       cpu.obj                      20      0         0      
       utils.obj                    6       0         0      
    +--+----------------------------+-------+---------+---------+
       Total:                       5416    768       0      
                                                             
    C:/ti/CC3200SDK_1.5.0/cc3200-sdk/simplelink/ccs/NON_OS/simplelink.a
       driver.obj                   7906    192       379    
       cc_pal.obj                   1820    0         90     
       socket.obj                   1830    40        0      
       netapp.obj                   1572    12        0      
       wlan.obj                     1316    24        0      
       device.obj                   1230    20        0      
       nonos.obj                    416     20        60     
       netcfg.obj                   152     4         0      
    +--+----------------------------+-------+---------+---------+
       Total:                       16242   312       529    
                                                             
    C:\ti\ccs1260\ccs\tools\compiler\ti-cgt-arm_20.2.7.LTS\lib\rtsv7M4_T_le_eabi.lib
       _printfi.c.obj               4835    0         0      
       memory.c.obj                 900     0         8      
       fd_add_t2.asm.obj            438     0         0      
       defs.c.obj                   0       0         416    
       trgmsg.c.obj                 108     0         288    
       fd_div_t2.asm.obj            310     0         0      
       fputs.c.obj                  276     0         0      
       strtoul.c.obj                272     0         0      
       fd_cmp_t2.asm.obj            268     0         0      
       ctype.c.obj                  0       257       0      
       fd_mul_t2.asm.obj            252     0         0      
       fs_add_t2.asm.obj            250     0         0      
       setvbuf.c.obj                220     0         0      
       s_scalbn.c.obj               208     0         0      
       host_device.c.obj            0       0         200    
       memcpy_t2.asm.obj            156     0         0      
       ull_div_t2.asm.obj           150     0         0      
       fputc.c.obj                  140     0         0      
       vsnprintf.c.obj              136     0         0      
       fs_mul_t2.asm.obj            122     0         0      
       memset_t2.asm.obj            122     0         0      
       fclose.c.obj                 116     0         0      
       getdevice.c.obj              116     0         0      
       printf.c.obj                 112     0         0      
       fd_tos_t2.asm.obj            110     0         0      
       hostrename.c.obj             108     0         0      
       copy_decompress_lzss.c.obj   104     0         0      
       hostlseek.c.obj              104     0         0      
       hostopen.c.obj               96      0         8      
       fseek.c.obj                  100     0         0      
       _io_perm.c.obj               98      0         0      
       sprintf.c.obj                98      0         0      
       fs_cmp_t2.asm.obj            96      0         0      
       close.c.obj                  92      0         0      
       rand.c.obj                   88      0         4      
       s_frexp.c.obj                92      0         0      
       exit.c.obj                   76      0         12     
       hostread.c.obj               88      0         0      
       hostwrite.c.obj              88      0         0      
       _ltoa.c.obj                  84      0         0      
       atoi.c.obj                   76      0         0      
       fflush.c.obj                 76      0         0      
       fd_toi_t2.asm.obj            72      0         0      
       hosttime.c.obj               72      0         0      
       autoinit.c.obj               68      0         0      
       hostclose.c.obj              68      0         0      
       hostunlink.c.obj             68      0         0      
       strtok.c.obj                 64      0         4      
       fs_tod_t2.asm.obj            56      0         0      
       fs_toi_t2.asm.obj            56      0         0      
       i_tofs_t2.asm.obj            56      0         0      
       strncpy.c.obj                54      0         0      
       fopen.c.obj                  52      0         0      
       i_tofd_t2.asm.obj            46      0         0      
       unlink.c.obj                 44      0         0      
       strspn.c.obj                 42      0         0      
       lseek.c.obj                  40      0         0      
       memmov.c.obj                 40      0         0      
       write.c.obj                  40      0         0      
       boot_cortex_m.c.obj          36      0         0      
       strcspn.c.obj                36      0         0      
       u_tofs_t2.asm.obj            36      0         0      
       memchr.c.obj                 32      0         0      
       memccpy.c.obj                28      0         0      
       strcmp.c.obj                 24      0         0      
       strchr.c.obj                 22      0         0      
       strcpy.c.obj                 20      0         0      
       strlen.c.obj                 20      0         0      
       wcslen.c.obj                 18      0         0      
       copy_decompress_none.c.obj   14      0         0      
       time.c.obj                   14      0         0      
       copy_zero_init.c.obj         12      0         0      
       errno.c.obj                  8       0         4      
       s_copysign.c.obj             12      0         0      
       _lock.c.obj                  2       0         8      
       pre_init.c.obj               4       0         0      
       div0.asm.obj                 2       0         0      
    +--+----------------------------+-------+---------+---------+
       Total:                       12459   257       952    
                                                             
       Heap:                        0       0         32768  
       Stack:                       0       0         4096   
       Linker Generated:            0       190       0      
    +--+----------------------------+-------+---------+---------+
       Grand Total:                 53847   4318      39037  


LINKER GENERATED COPY TABLES

__TI_cinit_table @ 20012358 records: 2, size/record: 8, table size: 16
	.data: load addr=200122a8, load size=0000009a bytes, run addr=2001f5f4, run size=00000290 bytes, compression=lzss
	.bss: load addr=20012350, load size=00000008 bytes, run addr=2001f000, run size=000005f3 bytes, compression=zero_init


LINKER GENERATED HANDLER TABLE

__TI_handler_table @ 20012344 records: 3, size/record: 4, table size: 12
	index: 0, handler: __TI_decompress_lzss
	index: 1, handler: __TI_decompress_none
	index: 2, handler: __TI_zero_init


GLOBAL SYMBOLS: SORTED ALPHABETICALLY BY Name 

address   name                                  
-------   ----                                  
20010765  ADCChannelEnable                      
200114f5  ADCEnable                             
2001115b  ADCFIFOLvlGet                         
2001130d  ADCFIFORead                           
20010f5d  ADCTimerConfig                        
20011445  ADCTimerEnable                        
200092a5  Adafruit_Init                         
20011673  C$$EXIT                               
20010803  C$$IO$$                               
20011509  CPUcpsie                              
20009fbd  ClearTerm                             
2000941f  Color565                              
20004acd  DisplayBuffer                         
20004469  DisplayPrompt                         
20004495  DisplayUsage                          
20010e61  DmaSpiSwIntHandler                    
20009fc7  Error                                 
200108ed  GPIODirModeSet                        
2001151d  GPIOIntClear                          
2001123d  GPIOIntEnable                         
200110c5  GPIOIntRegister                       
2000ebf9  GPIOIntTypeSet                        
20011325  GPIOPinRead                           
20010fe5  GPIOPinWrite                          
20009985  GPIO_IF_ConfigureNIntEnable           
20009a11  GPIO_IF_Get                           
2000993f  GPIO_IF_GetPortNPin                   
20009701  GPIO_IF_LedConfigure                  
200097f3  GPIO_IF_LedOff                        
2000973f  GPIO_IF_LedOn                         
200098a7  GPIO_IF_LedStatus                     
20009911  GPIO_IF_LedToggle                     
200099cd  GPIO_IF_Set                           
20009fff  GetCmd                                
20010155  HOSTclose                             
2000f359  HOSTlseek                             
2000f74d  HOSTopen                              
2000f9e5  HOSTread                              
2000f215  HOSTrename                            
2000ffed  HOSTtime                              
20010199  HOSTunlink                            
2000fa3d  HOSTwrite                             
20011581  I2CMasterControl                      
200115c7  I2CMasterDataGet                      
2001145b  I2CMasterDataPut                      
20011471  I2CMasterEnable                       
20010b4b  I2CMasterErr                          
2000eaf1  I2CMasterInitExpClk                   
20011487  I2CMasterIntClear                     
2001133d  I2CMasterIntEnableEx                  
200110e3  I2CMasterIntStatusEx                  
20010f7f  I2CMasterSlaveAddrSet                 
20011593  I2CMasterTimeoutSet                   
20009ce7  I2C_IF_Close                          
20009c8b  I2C_IF_Open                           
20009b89  I2C_IF_Read                           
20009c45  I2C_IF_ReadFrom                       
20009ad9  I2C_IF_Write                          
20009f7d  InitTerm                              
2000db4d  IntDisable                            
2000dbf5  IntEnable                             
2001163d  IntMasterEnable                       
2000fa95  IntPendClear                          
2000fb9d  IntPrioritySet                        
20011005  IntRegister                           
20010e85  IntUnregister                         
20011531  IntVTableBaseSet                      
20004ead  MeasureLoudness                       
20009f9b  Message                               
2001160d  NwpMaskInterrupt                      
2001079d  NwpPowerOff                           
20010b79  NwpPowerOn                            
20011025  NwpPrePowerOffTimout0                 
200105bd  NwpRegisterInterruptHandler           
20011619  NwpUnMaskInterrupt                    
20011ef0  OpcodeTranslateTable                  
2000816b  Outstr                                
2000b44d  PRCMCC3200MCUInit                     
2001149d  PRCMHIBRegRead                        
200114b3  PRCMHIBRegWrite                       
20010cd5  PRCMPeripheralClkDisable              
20010675  PRCMPeripheralClkEnable               
2000e349  PRCMPeripheralClockGet                
2000faed  PRCMPeripheralReset                   
20010959  PRCMPeripheralStatusGet               
20010ba5  PRCMSysResetCauseGet                  
20005179  ParseNProcessCmd                      
2000e8d5  PinConfigSet                          
200103fd  PinModeSet                            
2000b885  PinMuxConfig                          
20011545  PinTypeADC                            
20010a5d  PinTypeGPIO                           
20011177  PinTypeI2C                            
20011257  PinTypeSPI                            
20011271  PinTypeUART                           
20004c79  ProcessReadCommand                    
20004d89  ProcessReadRegCommand                 
2000507d  ProcessWriteCommand                   
20004f6b  ProcessWriteRegCommand                
200051f3  ReadAcceleration                      
2000a13d  Report                                
200115ff  ResetISR                              
2001f5ed  RxIrqCnt                              
20011355  SPICSDisable                          
2001136d  SPICSEnable                           
2000dd41  SPIConfigSetExpClk                    
20011385  SPIDisable                            
2001128b  SPIDmaDisable                         
200112a5  SPIDmaEnable                          
2001139d  SPIEnable                             
200112bf  SPIFIFODisable                        
200112d9  SPIFIFOEnable                         
2001098d  SPIFIFOLevelSet                       
20010035  SPIIntClear                           
2000fd91  SPIIntEnable                          
200112f3  SPIIntUnregister                      
20010fa1  SPIReset                              
2000e95d  SPITransfer                           
20010fc3  SPIWordCountSet                       
20006ad5  SimpleLinkGeneralEventHandler         
20006ab1  SimpleLinkHttpServerCallback          
20006a0f  SimpleLinkNetAppEventHandler          
20006af5  SimpleLinkSockEventHandler            
20006901  SimpleLinkWlanEventHandler            
20010221  TimerConfigure                        
20011101  TimerEnable                           
20011045  TimerGetCurrentTimestamp              
20010c55  TimerLoadSet                          
20010c7f  TimerPrescaleSet                      
20011193  TimerValueGet                         
2000a0a5  TrimSpace                             
200111af  UARTCharGetNonBlocking                
2001111f  UARTCharPut                           
200113b5  UARTCharsAvail                        
2000ef69  UARTConfigSetExpClk                   
20010a8d  UARTDisable                           
20010ea9  UARTEnable                            
20011661  UtilsDelay                            
20011f2c  _SlActionLookupTable                  
2000dc9d  _SlDriverHandleError                  
2001007d  _SlDrvBasicCmd                        
2000d871  _SlDrvCmdOp                           
2000f281  _SlDrvCmdSend                         
2000a6a9  _SlDrvDataReadOp                      
2000b735  _SlDrvDataWriteOp                     
2000df1d  _SlDrvDeviceEventHandler              
200115b7  _SlDrvDispatchHttpServerEvents        
2000c145  _SlDrvDriverCBDeinit                  
2000ade1  _SlDrvDriverCBInit                    
20010cfd  _SlDrvGlobalObjUnLock                 
20010265  _SlDrvHandleHttpServerEvents          
2001043d  _SlDrvHandleNetAppEvents              
2001047d  _SlDrvHandleWlanEvents                
2000e6a5  _SlDrvIsTimeoutExpired                
200114c9  _SlDrvMemZero                         
2000ce59  _SlDrvMsgReadSpawnCtx                 
2000c5b9  _SlDrvNetAppEventHandler              
20010e15  _SlDrvObjLockWaitForever              
20011065  _SlDrvObjUnLock                       
2000fe29  _SlDrvProtectAsyncRespSetting         
20010bfd  _SlDrvProtectionObjLockWaitForever    
20010d25  _SlDrvProtectionObjUnLock             
2000a88d  _SlDrvReleasePoolObj                  
200115d5  _SlDrvResetCmdExt                     
2000fbf1  _SlDrvRxIrqHandler                    
200111cb  _SlDrvStartMeasureTimeout             
20011085  _SlDrvSyncObjSignal                   
20010d4d  _SlDrvSyncObjWaitForever              
200102a9  _SlDrvSyncObjWaitTimeout              
2000b131  _SlDrvWaitForPoolObj                  
20012262  _SlNetAppSendTokenValueCmdCtrl        
2000efe1  _SlNonOsMainLoopTask                  
2000da9d  _SlNonOsSemGet                        
200113cd  _SlNonOsSemSet                        
2000f491  _SlNonOsSpawn                         
2001f368  __CIOBUF_                             
20030000  __STACK_END                           
00001000  __STACK_SIZE                          
00008000  __SYSMEM_SIZE                         
20012358  __TI_CINIT_Base                       
20012368  __TI_CINIT_Limit                      
20012344  __TI_Handler_Table_Base               
20012350  __TI_Handler_Table_Limit              
200102ed  __TI_auto_init_nobinit_nopinit        
200109c1  __TI_cleanup                          
2001f834  __TI_cleanup_ptr                      
2000f055  __TI_closefile                        
2000f3c1  __TI_decompress_lzss                  
200115f1  __TI_decompress_none                  
2000fe75  __TI_doflush                          
2001f838  __TI_dtors_ptr                        
2001f83c  __TI_enable_exit_profile_output       
2001f814  __TI_ft_end                           
2000fc45  __TI_ltoa                             
ffffffff  __TI_pprof_out_hndl                   
20008241  __TI_printfi                          
ffffffff  __TI_prof_data_size                   
ffffffff  __TI_prof_data_start                  
200109f5  __TI_readmsg                          
200122a8  __TI_static_base__                    
2001f488  __TI_tmpnams                          
200107d5  __TI_writemsg                         
2000f6e9  __TI_wrt_ok                           
20011631  __TI_zero_init                        
2000e9e5  __aeabi_cdcmpeq                       
2000e9e5  __aeabi_cdcmple                       
2000ea6b  __aeabi_cdrcmple                      
2000f7ad  __aeabi_cfcmpeq                       
2000f7ad  __aeabi_cfcmple                       
2000f1a7  __aeabi_d2f                           
2001010d  __aeabi_d2iz                          
2000ac33  __aeabi_dadd                          
2000bed9  __aeabi_ddiv                          
2000c7bd  __aeabi_dmul                          
2000ac29  __aeabi_dsub                          
20011651  __aeabi_errno_addr                    
2001080d  __aeabi_f2d                           
20010845  __aeabi_f2iz                          
2000c8bd  __aeabi_fadd                          
2000edfd  __aeabi_fmul                          
2000c8b9  __aeabi_fsub                          
20010b1d  __aeabi_i2d                           
2001087d  __aeabi_i2f                           
2000addf  __aeabi_idiv0                         
2000addf  __aeabi_ldiv0                         
2000ee77  __aeabi_memclr                        
2000ee77  __aeabi_memclr4                       
2000ee77  __aeabi_memclr8                       
2000de81  __aeabi_memcpy                        
2000de81  __aeabi_memcpy4                       
2000de81  __aeabi_memcpy8                       
2000ee79  __aeabi_memset                        
2000ee79  __aeabi_memset4                       
2000ee79  __aeabi_memset8                       
2001f820  __aeabi_stderr                        
2001f818  __aeabi_stdin                         
2001f81c  __aeabi_stdout                        
20010ef1  __aeabi_ui2f                          
2000e2b1  __aeabi_uldivmod                      
ffffffff  __binit__                             
ffffffff  __c_args__                            
UNDEFED   __mpu_init                            
2002f000  __stack                               
20017000  __start___llvm_prf_cnts               
20017000  __stop___llvm_prf_cnts                
200115e3  __time32                              
20010ecd  _c_int00_noargs                       
20011b73  _ctypes_                              
2001f6e4  _device                               
2001f5f4  _ftable                               
2001f864  _lock                                 
200096c3  _nop                                  
2000f4f5  _sl_HandleAsync_Accept                
2000ec7d  _sl_HandleAsync_Connect               
2000e3dd  _sl_HandleAsync_DnsGetHostByName      
2000d615  _sl_HandleAsync_DnsGetHostByService   
2000e731  _sl_HandleAsync_InitComplete          
2000e46d  _sl_HandleAsync_PingResponse          
2000fc99  _sl_HandleAsync_Select                
2000fd41  _sl_HandleAsync_Stop                  
2000f2ed  _sl_NetAppSendTokenValue              
2001f75c  _stream                               
20017000  _sys_memory                           
UNDEFED   _system_post_cinit                    
2001166f  _system_pre_init                      
2001f868  _unlock                               
20011673  abort                                 
2000c6bd  aligned_alloc                         
2000ff0d  atoi                                  
ffffffff  binit                                 
2000f92d  close                                 
20007499  connectToAccessPoint                  
20011625  copysign                              
20011625  copysignl                             
20005243  createBackground                      
2001f7e8  cursor_x                              
2001f7ec  cursor_y                              
2000801f  drawChar                              
200077c1  drawCircle                            
200078f5  drawCircleHelper                      
200095cd  drawFastHLine                         
20009531  drawFastVLine                         
20007b3b  drawLine                              
20009669  drawPixel                             
20007c27  drawRect                              
20007c75  drawRoundRect                         
20007ddd  drawTriangle                          
2001f874  errno                                 
200100c5  exit                                  
20007a13  fillCircle                            
20007a4d  fillCircleHelper                      
20009477  fillRect                              
20007d63  fillRoundRect                         
20009461  fillScreen                            
20007e1f  fillTriangle                          
20010aed  finddevice                            
2000e7bd  fputc                                 
2000c395  fputs                                 
2000cf41  free                                  
2000f989  frexp                                 
2000f989  frexpl                                
2000f559  fseek                                 
2001f5e4  g_Host                                
2001f824  g_SlDeviceStatus                      
2001f858  g_SpiFd                               
2001f7ac  g__SlNonOsCB                          
2001f5c8  g_app_config                          
2001f5ee  g_bDeviceRestartIsRequired            
2001f5ef  g_cDummy                              
2001f828  g_pCB                                 
2001f85c  g_pHostIntHdl                         
20004000  g_pfnVectors                          
2001f5e8  g_port                                
2001f578  g_time                                
2001f5d0  g_ucConnectionBSSID                   
2001f5a4  g_ucConnectionSSID                    
2001f860  g_ucDMAEnabled                        
2001f528  g_ucDinDout                           
2001f5f0  g_ucLED1Pin                           
2001f5f1  g_ucLED2Pin                           
2001f5f2  g_ucLED3Pin                           
2001f840  g_uiLED1Port                          
2001f844  g_uiLED2Port                          
2001f848  g_uiLED3Port                          
2001f854  g_ulGatewayIP                         
2001f850  g_ulPingPacketsRecv                   
2001f84c  g_ulStatus                            
20010375  getdevice                             
200093db  goTo                                  
2000821f  height                                
200096a7  invert                                
2000d475  ldexp                                 
2000d475  ldexpl                                
20010d9d  lseek                                 
20005a95  main                                  
20011659  malloc                                
2000c6bd  memalign                              
20011205  memccpy                               
200110a5  memchr                                
2000de81  memcpy                                
20010dc5  memmove                               
2000ee7f  memset                                
2001f7fd  myCharArray                           
2001f000  myfinalbuffer                         
2001f82c  pPingCallBackFunc                     
2001f5d8  parmbuf                               
2000533b  playGame                              
2000f429  printf                                
2000e7bd  putc                                  
20010a29  rand                                  
2000d025  realloc                               
20010c29  remove                                
2000d475  scalbn                                
2000d475  scalbnl                               
200081b7  setCursor                             
200081ef  setTextColor                          
200081cf  setTextSize                           
20008207  setTextWrap                           
2000d2c9  setvbuf                               
200106b1  simplelink_timerA2_start              
2000f80d  sl_Close                              
2000b2c1  sl_Connect                            
2000d6e1  sl_DevGet                             
2000dfb9  sl_DevSet                             
200103b9  sl_Htonl                              
200106ed  sl_Htons                              
2000bc59  sl_NetAppDnsGetHostByName             
2000d109  sl_NetAppMDNSRegisterUnregisterService
2000f5bd  sl_NetAppMDNSUnRegisterService        
2000e051  sl_NetCfgSet                          
20010e3b  sl_Provisioning_HttpServerEventHdl    
20010e49  sl_Provisioning_NetAppEventHdl        
20010e55  sl_Provisioning_WlanEventHdl          
2000dde1  sl_Recv                               
2000c011  sl_Send                               
2000e0e9  sl_SetSockOpt                         
2000e849  sl_Socket                             
2000cc85  sl_Start                              
2000c9b5  sl_Stop                               
20009cfd  sl_WlanConnect                        
200108b5  sl_WlanDisconnect                     
2000e4fd  sl_WlanPolicySet                      
2000f86d  sl_WlanProfileDel                     
2000eb75  sl_WlanRxFilterSet                    
2000e181  sl_WlanSet                            
2000f8cd  sl_WlanSetMode                        
2000eef1  spi_Close                             
2000b9cd  spi_Open                              
2000caa5  spi_Read                              
2000e219  spi_Write                             
200104fd  sprintf                               
20010f15  srand                                 
200114df  strchr                                
2001142d  strcmp                                
20011559  strcpy                                
20010f39  strcspn                               
2001156d  strlen                                
20010923  strncpy                               
20010ca9  strspn                                
2001053d  strtok                                
2000c4a9  strtoul                               
2001f7f8  textbgcolor                           
2001f7f4  textcolor                             
2001f7f0  textsize                              
200115e3  time                                  
20007291  tls_connect                           
2000ff59  uDMAChannelAssign                     
2000f621  uDMAChannelAttributeDisable           
2000f685  uDMAChannelAttributeEnable            
20010729  uDMAChannelControlSet                 
20011221  uDMAChannelEnable                     
2000cb95  uDMAChannelTransferSet                
20010c29  unlink                                
2001057d  vsnprintf                             
200115a5  wcslen                                
2000821b  width                                 
2001f7fc  wrap                                  
20010ded  write                                 
20009221  writeCommand                          
20009263  writeData                             


GLOBAL SYMBOLS: SORTED BY Symbol Address 

address   name                                  
-------   ----                                  
00001000  __STACK_SIZE                          
00008000  __SYSMEM_SIZE                         
20004000  g_pfnVectors                          
20004469  DisplayPrompt                         
20004495  DisplayUsage                          
20004acd  DisplayBuffer                         
20004c79  ProcessReadCommand                    
20004d89  ProcessReadRegCommand                 
20004ead  MeasureLoudness                       
20004f6b  ProcessWriteRegCommand                
2000507d  ProcessWriteCommand                   
20005179  ParseNProcessCmd                      
200051f3  ReadAcceleration                      
20005243  createBackground                      
2000533b  playGame                              
20005a95  main                                  
20006901  SimpleLinkWlanEventHandler            
20006a0f  SimpleLinkNetAppEventHandler          
20006ab1  SimpleLinkHttpServerCallback          
20006ad5  SimpleLinkGeneralEventHandler         
20006af5  SimpleLinkSockEventHandler            
20007291  tls_connect                           
20007499  connectToAccessPoint                  
200077c1  drawCircle                            
200078f5  drawCircleHelper                      
20007a13  fillCircle                            
20007a4d  fillCircleHelper                      
20007b3b  drawLine                              
20007c27  drawRect                              
20007c75  drawRoundRect                         
20007d63  fillRoundRect                         
20007ddd  drawTriangle                          
20007e1f  fillTriangle                          
2000801f  drawChar                              
2000816b  Outstr                                
200081b7  setCursor                             
200081cf  setTextSize                           
200081ef  setTextColor                          
20008207  setTextWrap                           
2000821b  width                                 
2000821f  height                                
20008241  __TI_printfi                          
20009221  writeCommand                          
20009263  writeData                             
200092a5  Adafruit_Init                         
200093db  goTo                                  
2000941f  Color565                              
20009461  fillScreen                            
20009477  fillRect                              
20009531  drawFastVLine                         
200095cd  drawFastHLine                         
20009669  drawPixel                             
200096a7  invert                                
200096c3  _nop                                  
20009701  GPIO_IF_LedConfigure                  
2000973f  GPIO_IF_LedOn                         
200097f3  GPIO_IF_LedOff                        
200098a7  GPIO_IF_LedStatus                     
20009911  GPIO_IF_LedToggle                     
2000993f  GPIO_IF_GetPortNPin                   
20009985  GPIO_IF_ConfigureNIntEnable           
200099cd  GPIO_IF_Set                           
20009a11  GPIO_IF_Get                           
20009ad9  I2C_IF_Write                          
20009b89  I2C_IF_Read                           
20009c45  I2C_IF_ReadFrom                       
20009c8b  I2C_IF_Open                           
20009ce7  I2C_IF_Close                          
20009cfd  sl_WlanConnect                        
20009f7d  InitTerm                              
20009f9b  Message                               
20009fbd  ClearTerm                             
20009fc7  Error                                 
20009fff  GetCmd                                
2000a0a5  TrimSpace                             
2000a13d  Report                                
2000a6a9  _SlDrvDataReadOp                      
2000a88d  _SlDrvReleasePoolObj                  
2000ac29  __aeabi_dsub                          
2000ac33  __aeabi_dadd                          
2000addf  __aeabi_idiv0                         
2000addf  __aeabi_ldiv0                         
2000ade1  _SlDrvDriverCBInit                    
2000b131  _SlDrvWaitForPoolObj                  
2000b2c1  sl_Connect                            
2000b44d  PRCMCC3200MCUInit                     
2000b735  _SlDrvDataWriteOp                     
2000b885  PinMuxConfig                          
2000b9cd  spi_Open                              
2000bc59  sl_NetAppDnsGetHostByName             
2000bed9  __aeabi_ddiv                          
2000c011  sl_Send                               
2000c145  _SlDrvDriverCBDeinit                  
2000c395  fputs                                 
2000c4a9  strtoul                               
2000c5b9  _SlDrvNetAppEventHandler              
2000c6bd  aligned_alloc                         
2000c6bd  memalign                              
2000c7bd  __aeabi_dmul                          
2000c8b9  __aeabi_fsub                          
2000c8bd  __aeabi_fadd                          
2000c9b5  sl_Stop                               
2000caa5  spi_Read                              
2000cb95  uDMAChannelTransferSet                
2000cc85  sl_Start                              
2000ce59  _SlDrvMsgReadSpawnCtx                 
2000cf41  free                                  
2000d025  realloc                               
2000d109  sl_NetAppMDNSRegisterUnregisterService
2000d2c9  setvbuf                               
2000d475  ldexp                                 
2000d475  ldexpl                                
2000d475  scalbn                                
2000d475  scalbnl                               
2000d615  _sl_HandleAsync_DnsGetHostByService   
2000d6e1  sl_DevGet                             
2000d871  _SlDrvCmdOp                           
2000da9d  _SlNonOsSemGet                        
2000db4d  IntDisable                            
2000dbf5  IntEnable                             
2000dc9d  _SlDriverHandleError                  
2000dd41  SPIConfigSetExpClk                    
2000dde1  sl_Recv                               
2000de81  __aeabi_memcpy                        
2000de81  __aeabi_memcpy4                       
2000de81  __aeabi_memcpy8                       
2000de81  memcpy                                
2000df1d  _SlDrvDeviceEventHandler              
2000dfb9  sl_DevSet                             
2000e051  sl_NetCfgSet                          
2000e0e9  sl_SetSockOpt                         
2000e181  sl_WlanSet                            
2000e219  spi_Write                             
2000e2b1  __aeabi_uldivmod                      
2000e349  PRCMPeripheralClockGet                
2000e3dd  _sl_HandleAsync_DnsGetHostByName      
2000e46d  _sl_HandleAsync_PingResponse          
2000e4fd  sl_WlanPolicySet                      
2000e6a5  _SlDrvIsTimeoutExpired                
2000e731  _sl_HandleAsync_InitComplete          
2000e7bd  fputc                                 
2000e7bd  putc                                  
2000e849  sl_Socket                             
2000e8d5  PinConfigSet                          
2000e95d  SPITransfer                           
2000e9e5  __aeabi_cdcmpeq                       
2000e9e5  __aeabi_cdcmple                       
2000ea6b  __aeabi_cdrcmple                      
2000eaf1  I2CMasterInitExpClk                   
2000eb75  sl_WlanRxFilterSet                    
2000ebf9  GPIOIntTypeSet                        
2000ec7d  _sl_HandleAsync_Connect               
2000edfd  __aeabi_fmul                          
2000ee77  __aeabi_memclr                        
2000ee77  __aeabi_memclr4                       
2000ee77  __aeabi_memclr8                       
2000ee79  __aeabi_memset                        
2000ee79  __aeabi_memset4                       
2000ee79  __aeabi_memset8                       
2000ee7f  memset                                
2000eef1  spi_Close                             
2000ef69  UARTConfigSetExpClk                   
2000efe1  _SlNonOsMainLoopTask                  
2000f055  __TI_closefile                        
2000f1a7  __aeabi_d2f                           
2000f215  HOSTrename                            
2000f281  _SlDrvCmdSend                         
2000f2ed  _sl_NetAppSendTokenValue              
2000f359  HOSTlseek                             
2000f3c1  __TI_decompress_lzss                  
2000f429  printf                                
2000f491  _SlNonOsSpawn                         
2000f4f5  _sl_HandleAsync_Accept                
2000f559  fseek                                 
2000f5bd  sl_NetAppMDNSUnRegisterService        
2000f621  uDMAChannelAttributeDisable           
2000f685  uDMAChannelAttributeEnable            
2000f6e9  __TI_wrt_ok                           
2000f74d  HOSTopen                              
2000f7ad  __aeabi_cfcmpeq                       
2000f7ad  __aeabi_cfcmple                       
2000f80d  sl_Close                              
2000f86d  sl_WlanProfileDel                     
2000f8cd  sl_WlanSetMode                        
2000f92d  close                                 
2000f989  frexp                                 
2000f989  frexpl                                
2000f9e5  HOSTread                              
2000fa3d  HOSTwrite                             
2000fa95  IntPendClear                          
2000faed  PRCMPeripheralReset                   
2000fb9d  IntPrioritySet                        
2000fbf1  _SlDrvRxIrqHandler                    
2000fc45  __TI_ltoa                             
2000fc99  _sl_HandleAsync_Select                
2000fd41  _sl_HandleAsync_Stop                  
2000fd91  SPIIntEnable                          
2000fe29  _SlDrvProtectAsyncRespSetting         
2000fe75  __TI_doflush                          
2000ff0d  atoi                                  
2000ff59  uDMAChannelAssign                     
2000ffed  HOSTtime                              
20010035  SPIIntClear                           
2001007d  _SlDrvBasicCmd                        
200100c5  exit                                  
2001010d  __aeabi_d2iz                          
20010155  HOSTclose                             
20010199  HOSTunlink                            
20010221  TimerConfigure                        
20010265  _SlDrvHandleHttpServerEvents          
200102a9  _SlDrvSyncObjWaitTimeout              
200102ed  __TI_auto_init_nobinit_nopinit        
20010375  getdevice                             
200103b9  sl_Htonl                              
200103fd  PinModeSet                            
2001043d  _SlDrvHandleNetAppEvents              
2001047d  _SlDrvHandleWlanEvents                
200104fd  sprintf                               
2001053d  strtok                                
2001057d  vsnprintf                             
200105bd  NwpRegisterInterruptHandler           
20010675  PRCMPeripheralClkEnable               
200106b1  simplelink_timerA2_start              
200106ed  sl_Htons                              
20010729  uDMAChannelControlSet                 
20010765  ADCChannelEnable                      
2001079d  NwpPowerOff                           
200107d5  __TI_writemsg                         
20010803  C$$IO$$                               
2001080d  __aeabi_f2d                           
20010845  __aeabi_f2iz                          
2001087d  __aeabi_i2f                           
200108b5  sl_WlanDisconnect                     
200108ed  GPIODirModeSet                        
20010923  strncpy                               
20010959  PRCMPeripheralStatusGet               
2001098d  SPIFIFOLevelSet                       
200109c1  __TI_cleanup                          
200109f5  __TI_readmsg                          
20010a29  rand                                  
20010a5d  PinTypeGPIO                           
20010a8d  UARTDisable                           
20010aed  finddevice                            
20010b1d  __aeabi_i2d                           
20010b4b  I2CMasterErr                          
20010b79  NwpPowerOn                            
20010ba5  PRCMSysResetCauseGet                  
20010bfd  _SlDrvProtectionObjLockWaitForever    
20010c29  remove                                
20010c29  unlink                                
20010c55  TimerLoadSet                          
20010c7f  TimerPrescaleSet                      
20010ca9  strspn                                
20010cd5  PRCMPeripheralClkDisable              
20010cfd  _SlDrvGlobalObjUnLock                 
20010d25  _SlDrvProtectionObjUnLock             
20010d4d  _SlDrvSyncObjWaitForever              
20010d9d  lseek                                 
20010dc5  memmove                               
20010ded  write                                 
20010e15  _SlDrvObjLockWaitForever              
20010e3b  sl_Provisioning_HttpServerEventHdl    
20010e49  sl_Provisioning_NetAppEventHdl        
20010e55  sl_Provisioning_WlanEventHdl          
20010e61  DmaSpiSwIntHandler                    
20010e85  IntUnregister                         
20010ea9  UARTEnable                            
20010ecd  _c_int00_noargs                       
20010ef1  __aeabi_ui2f                          
20010f15  srand                                 
20010f39  strcspn                               
20010f5d  ADCTimerConfig                        
20010f7f  I2CMasterSlaveAddrSet                 
20010fa1  SPIReset                              
20010fc3  SPIWordCountSet                       
20010fe5  GPIOPinWrite                          
20011005  IntRegister                           
20011025  NwpPrePowerOffTimout0                 
20011045  TimerGetCurrentTimestamp              
20011065  _SlDrvObjUnLock                       
20011085  _SlDrvSyncObjSignal                   
200110a5  memchr                                
200110c5  GPIOIntRegister                       
200110e3  I2CMasterIntStatusEx                  
20011101  TimerEnable                           
2001111f  UARTCharPut                           
2001115b  ADCFIFOLvlGet                         
20011177  PinTypeI2C                            
20011193  TimerValueGet                         
200111af  UARTCharGetNonBlocking                
200111cb  _SlDrvStartMeasureTimeout             
20011205  memccpy                               
20011221  uDMAChannelEnable                     
2001123d  GPIOIntEnable                         
20011257  PinTypeSPI                            
20011271  PinTypeUART                           
2001128b  SPIDmaDisable                         
200112a5  SPIDmaEnable                          
200112bf  SPIFIFODisable                        
200112d9  SPIFIFOEnable                         
200112f3  SPIIntUnregister                      
2001130d  ADCFIFORead                           
20011325  GPIOPinRead                           
2001133d  I2CMasterIntEnableEx                  
20011355  SPICSDisable                          
2001136d  SPICSEnable                           
20011385  SPIDisable                            
2001139d  SPIEnable                             
200113b5  UARTCharsAvail                        
200113cd  _SlNonOsSemSet                        
2001142d  strcmp                                
20011445  ADCTimerEnable                        
2001145b  I2CMasterDataPut                      
20011471  I2CMasterEnable                       
20011487  I2CMasterIntClear                     
2001149d  PRCMHIBRegRead                        
200114b3  PRCMHIBRegWrite                       
200114c9  _SlDrvMemZero                         
200114df  strchr                                
200114f5  ADCEnable                             
20011509  CPUcpsie                              
2001151d  GPIOIntClear                          
20011531  IntVTableBaseSet                      
20011545  PinTypeADC                            
20011559  strcpy                                
2001156d  strlen                                
20011581  I2CMasterControl                      
20011593  I2CMasterTimeoutSet                   
200115a5  wcslen                                
200115b7  _SlDrvDispatchHttpServerEvents        
200115c7  I2CMasterDataGet                      
200115d5  _SlDrvResetCmdExt                     
200115e3  __time32                              
200115e3  time                                  
200115f1  __TI_decompress_none                  
200115ff  ResetISR                              
2001160d  NwpMaskInterrupt                      
20011619  NwpUnMaskInterrupt                    
20011625  copysign                              
20011625  copysignl                             
20011631  __TI_zero_init                        
2001163d  IntMasterEnable                       
20011651  __aeabi_errno_addr                    
20011659  malloc                                
20011661  UtilsDelay                            
2001166f  _system_pre_init                      
20011673  C$$EXIT                               
20011673  abort                                 
20011b73  _ctypes_                              
20011ef0  OpcodeTranslateTable                  
20011f2c  _SlActionLookupTable                  
20012262  _SlNetAppSendTokenValueCmdCtrl        
200122a8  __TI_static_base__                    
20012344  __TI_Handler_Table_Base               
20012350  __TI_Handler_Table_Limit              
20012358  __TI_CINIT_Base                       
20012368  __TI_CINIT_Limit                      
20017000  __start___llvm_prf_cnts               
20017000  __stop___llvm_prf_cnts                
20017000  _sys_memory                           
2001f000  myfinalbuffer                         
2001f368  __CIOBUF_                             
2001f488  __TI_tmpnams                          
2001f528  g_ucDinDout                           
2001f578  g_time                                
2001f5a4  g_ucConnectionSSID                    
2001f5c8  g_app_config                          
2001f5d0  g_ucConnectionBSSID                   
2001f5d8  parmbuf                               
2001f5e4  g_Host                                
2001f5e8  g_port                                
2001f5ed  RxIrqCnt                              
2001f5ee  g_bDeviceRestartIsRequired            
2001f5ef  g_cDummy                              
2001f5f0  g_ucLED1Pin                           
2001f5f1  g_ucLED2Pin                           
2001f5f2  g_ucLED3Pin                           
2001f5f4  _ftable                               
2001f6e4  _device                               
2001f75c  _stream                               
2001f7ac  g__SlNonOsCB                          
2001f7e8  cursor_x                              
2001f7ec  cursor_y                              
2001f7f0  textsize                              
2001f7f4  textcolor                             
2001f7f8  textbgcolor                           
2001f7fc  wrap                                  
2001f7fd  myCharArray                           
2001f814  __TI_ft_end                           
2001f818  __aeabi_stdin                         
2001f81c  __aeabi_stdout                        
2001f820  __aeabi_stderr                        
2001f824  g_SlDeviceStatus                      
2001f828  g_pCB                                 
2001f82c  pPingCallBackFunc                     
2001f834  __TI_cleanup_ptr                      
2001f838  __TI_dtors_ptr                        
2001f83c  __TI_enable_exit_profile_output       
2001f840  g_uiLED1Port                          
2001f844  g_uiLED2Port                          
2001f848  g_uiLED3Port                          
2001f84c  g_ulStatus                            
2001f850  g_ulPingPacketsRecv                   
2001f854  g_ulGatewayIP                         
2001f858  g_SpiFd                               
2001f85c  g_pHostIntHdl                         
2001f860  g_ucDMAEnabled                        
2001f864  _lock                                 
2001f868  _unlock                               
2001f874  errno                                 
2002f000  __stack                               
20030000  __STACK_END                           
ffffffff  __TI_pprof_out_hndl                   
ffffffff  __TI_prof_data_size                   
ffffffff  __TI_prof_data_start                  
ffffffff  __binit__                             
ffffffff  __c_args__                            
ffffffff  binit                                 
UNDEFED   __mpu_init                            
UNDEFED   _system_post_cinit                    

[420 symbols]
